../Core/Src/ksz8863_driver.c:26:9:ksz8863Init	16	static
../Core/Src/ksz8863_driver.c:92:6:ksz8863EnableIrq	4	static
../Core/Src/ksz8863_driver.c:101:6:ksz8863DisableIrq	4	static
../Core/Src/ksz8863_driver.c:108:6:ksz8863EnablePassAllFrame	24	static
../Core/Src/ksz8863_driver.c:130:6:ksz8863EnableAging	24	static
../Core/Src/ksz8863_driver.c:152:6:ksz8863EnableFastAging	24	static
../Core/Src/ksz8863_driver.c:179:6:ksz8863SwitchStart	16	static
../Core/Src/ksz8863_driver.c:200:6:ksz8863SwitchStop	16	static
../Core/Src/ksz8863_driver.c:214:6:ksz8863SetCpuClockSelection	24	static
../Core/Src/ksz8863_driver.c:235:6:ksz8863GetLinkState	24	static
../Core/Src/ksz8863_driver.c:268:10:ksz8863GetLinkSpeed	24	static
../Core/Src/ksz8863_driver.c:317:15:ksz8863GetDuplexMode	24	static
../Core/Src/ksz8863_driver.c:368:6:ksz8863SetPortState	24	static
../Core/Src/ksz8863_driver.c:418:17:ksz8863GetPortState	24	static
../Core/Src/ksz8863_driver.c:478:6:ksz8863IsAutoNegotiationCompletedOnPort	24	static
../Core/Src/ksz8863_driver.c:517:9:ksz8863AddStaticFdbEntry	48	static
../Core/Src/ksz8863_driver.c:636:9:ksz8863DeleteStaticFdbEntry	40	static
../Core/Src/ksz8863_driver.c:695:9:ksz8863GetStaticFdbEntry	40	static
../Core/Src/ksz8863_driver.c:772:6:ksz8863FlushStaticFdbTable	24	static
../Core/Src/ksz8863_driver.c:807:9:ksz8863GetDynamicFdbEntry	48	static
../Core/Src/ksz8863_driver.c:891:6:ksz8863FlushDynamicFdbTable	32	static
../Core/Src/ksz8863_driver.c:933:6:ksz8863SetUnknownMcastFwdPorts	16	static
../Core/Src/ksz8863_driver.c:945:6:ksz8863WriteSwitchReg	24	static
../Core/Src/ksz8863_driver.c:964:9:ksz8863ReadSwitchReg	24	static
../Core/Src/ksz8863_driver.c:984:6:ksz8863DumpSwitchReg	16	static
../Core/Src/ksz8863_driver.c:1009:11:ksz8863GetSwitchMacAddr	32	static
../Core/Src/ksz8863_driver.c:1023:6:ksz8863SetSwitchMacAddr	24	static
../Core/Src/ksz8863_driver.c:1033:11:ksz8863GetStation1MacAddr	32	static
../Core/Src/ksz8863_driver.c:1047:6:ksz8863SetStation1MacAddr	24	static
../Core/Src/ksz8863_driver.c:1057:11:ksz8863GetStation2MacAddr	32	static
../Core/Src/ksz8863_driver.c:1071:6:ksz8863SetStation2MacAddr	24	static
../Core/Src/ksz8863_driver.c:1085:22:ksz8863GetPowerManagementMode	16	static
../Core/Src/ksz8863_driver.c:1097:7:ksz8863SetPowerManagementMode	24	static
../Core/Src/ksz8863_driver.c:1116:7:ksz8863PowerDownPort	24	static
../Core/Src/ksz8863_driver.c:1135:7:ksz8863PowerUpPort	24	static
../Core/Src/ksz8863_driver.c:1156:7:ksz8863EnableAutoNegotiationPort	24	static
../Core/Src/ksz8863_driver.c:1174:7:ksz8863DisableAutoNegotiationPort	24	static
../Core/Src/ksz8863_driver.c:1193:7:ksz8863RestartAutoNegotiationPort	24	static
../Core/Src/ksz8863_driver.c:1213:6:ksz8863SetForceLinkSpeed	24	static
../Core/Src/ksz8863_driver.c:1242:6:ksz8863SetForcedDuplexMode	24	static
../Core/Src/ksz8863_driver.c:1274:7:ksz8863TurnOffPortLed	24	static
../Core/Src/ksz8863_driver.c:1293:8:ksz8863TurnOnPortLed	24	static
../Core/Src/ksz8863_driver.c:1312:9:LSB	16	static
../Core/Src/ksz8863_driver.c:1317:9:MSB	16	static
../Core/Src/ksz8863_driver.c:1329:7:ksz8863EnableFlowControlAdvertisementOnPort	24	static
../Core/Src/ksz8863_driver.c:1360:7:ksz8863EnableAdvertise100BTFullDuplexCapabilityOnPort	24	static
../Core/Src/ksz8863_driver.c:1391:7:ksz8863EnableAdvertise100BTHalfDuplexCapabilityOnPort	24	static
../Core/Src/ksz8863_driver.c:1425:7:ksz8863EnableAdvertise10BTFullDuplexCapabilityOnPort	24	static
../Core/Src/ksz8863_driver.c:1456:7:ksz8863EnableAdvertise10BTHalfDuplexCapabilityOnPort	24	static
../Core/Src/ksz8863_driver.c:1486:6:ksz8863IsPartnerFlowControlCapable	24	static
../Core/Src/ksz8863_driver.c:1528:6:ksz8863IsPartner100BTFullDuplexCapable	24	static
../Core/Src/ksz8863_driver.c:1568:6:ksz8863IsPartner100BTHalfDuplexCapable	24	static
../Core/Src/ksz8863_driver.c:1610:6:ksz8863IsPartner10BTFullDuplexCapable	24	static
../Core/Src/ksz8863_driver.c:1652:6:ksz8863IsPartner10BTHalfDuplexCapable	24	static
