Archive member included to satisfy reference by file (symbol)

C:/ST/STM32CubeIDE_1.15.1/STM32CubeIDE/plugins/com.st.stm32cube.ide.mcu.externaltools.gnu-tools-for-stm32.12.3.rel1.win32_1.0.100.202403111256/tools/bin/../lib/gcc/arm-none-eabi/12.3.1/../../../../arm-none-eabi/lib/thumb/v7e-m+dp/hard\libc_nano.a(libc_a-exit.o)
                              C:/ST/STM32CubeIDE_1.15.1/STM32CubeIDE/plugins/com.st.stm32cube.ide.mcu.externaltools.gnu-tools-for-stm32.12.3.rel1.win32_1.0.100.202403111256/tools/bin/../lib/gcc/arm-none-eabi/12.3.1/../../../../arm-none-eabi/lib/thumb/v7e-m+dp/hard/crt0.o (exit)
C:/ST/STM32CubeIDE_1.15.1/STM32CubeIDE/plugins/com.st.stm32cube.ide.mcu.externaltools.gnu-tools-for-stm32.12.3.rel1.win32_1.0.100.202403111256/tools/bin/../lib/gcc/arm-none-eabi/12.3.1/../../../../arm-none-eabi/lib/thumb/v7e-m+dp/hard\libc_nano.a(libc_a-findfp.o)
                              C:/ST/STM32CubeIDE_1.15.1/STM32CubeIDE/plugins/com.st.stm32cube.ide.mcu.externaltools.gnu-tools-for-stm32.12.3.rel1.win32_1.0.100.202403111256/tools/bin/../lib/gcc/arm-none-eabi/12.3.1/../../../../arm-none-eabi/lib/thumb/v7e-m+dp/hard\libc_nano.a(libc_a-exit.o) (__stdio_exit_handler)
C:/ST/STM32CubeIDE_1.15.1/STM32CubeIDE/plugins/com.st.stm32cube.ide.mcu.externaltools.gnu-tools-for-stm32.12.3.rel1.win32_1.0.100.202403111256/tools/bin/../lib/gcc/arm-none-eabi/12.3.1/../../../../arm-none-eabi/lib/thumb/v7e-m+dp/hard\libc_nano.a(libc_a-fwalk.o)
                              C:/ST/STM32CubeIDE_1.15.1/STM32CubeIDE/plugins/com.st.stm32cube.ide.mcu.externaltools.gnu-tools-for-stm32.12.3.rel1.win32_1.0.100.202403111256/tools/bin/../lib/gcc/arm-none-eabi/12.3.1/../../../../arm-none-eabi/lib/thumb/v7e-m+dp/hard\libc_nano.a(libc_a-findfp.o) (_fwalk_sglue)
C:/ST/STM32CubeIDE_1.15.1/STM32CubeIDE/plugins/com.st.stm32cube.ide.mcu.externaltools.gnu-tools-for-stm32.12.3.rel1.win32_1.0.100.202403111256/tools/bin/../lib/gcc/arm-none-eabi/12.3.1/../../../../arm-none-eabi/lib/thumb/v7e-m+dp/hard\libc_nano.a(libc_a-printf.o)
                              ./Core/Src/nic.o (printf)
C:/ST/STM32CubeIDE_1.15.1/STM32CubeIDE/plugins/com.st.stm32cube.ide.mcu.externaltools.gnu-tools-for-stm32.12.3.rel1.win32_1.0.100.202403111256/tools/bin/../lib/gcc/arm-none-eabi/12.3.1/../../../../arm-none-eabi/lib/thumb/v7e-m+dp/hard\libc_nano.a(libc_a-stdio.o)
                              C:/ST/STM32CubeIDE_1.15.1/STM32CubeIDE/plugins/com.st.stm32cube.ide.mcu.externaltools.gnu-tools-for-stm32.12.3.rel1.win32_1.0.100.202403111256/tools/bin/../lib/gcc/arm-none-eabi/12.3.1/../../../../arm-none-eabi/lib/thumb/v7e-m+dp/hard\libc_nano.a(libc_a-findfp.o) (__sread)
C:/ST/STM32CubeIDE_1.15.1/STM32CubeIDE/plugins/com.st.stm32cube.ide.mcu.externaltools.gnu-tools-for-stm32.12.3.rel1.win32_1.0.100.202403111256/tools/bin/../lib/gcc/arm-none-eabi/12.3.1/../../../../arm-none-eabi/lib/thumb/v7e-m+dp/hard\libc_nano.a(libc_a-vsnprintf.o)
                              ./Core/Src/debug.o (vsnprintf)
C:/ST/STM32CubeIDE_1.15.1/STM32CubeIDE/plugins/com.st.stm32cube.ide.mcu.externaltools.gnu-tools-for-stm32.12.3.rel1.win32_1.0.100.202403111256/tools/bin/../lib/gcc/arm-none-eabi/12.3.1/../../../../arm-none-eabi/lib/thumb/v7e-m+dp/hard\libc_nano.a(libc_a-memcmp.o)
                              ./Core/Src/ethernet.o (memcmp)
C:/ST/STM32CubeIDE_1.15.1/STM32CubeIDE/plugins/com.st.stm32cube.ide.mcu.externaltools.gnu-tools-for-stm32.12.3.rel1.win32_1.0.100.202403111256/tools/bin/../lib/gcc/arm-none-eabi/12.3.1/../../../../arm-none-eabi/lib/thumb/v7e-m+dp/hard\libc_nano.a(libc_a-memset.o)
                              C:/ST/STM32CubeIDE_1.15.1/STM32CubeIDE/plugins/com.st.stm32cube.ide.mcu.externaltools.gnu-tools-for-stm32.12.3.rel1.win32_1.0.100.202403111256/tools/bin/../lib/gcc/arm-none-eabi/12.3.1/../../../../arm-none-eabi/lib/thumb/v7e-m+dp/hard/crt0.o (memset)
C:/ST/STM32CubeIDE_1.15.1/STM32CubeIDE/plugins/com.st.stm32cube.ide.mcu.externaltools.gnu-tools-for-stm32.12.3.rel1.win32_1.0.100.202403111256/tools/bin/../lib/gcc/arm-none-eabi/12.3.1/../../../../arm-none-eabi/lib/thumb/v7e-m+dp/hard\libc_nano.a(libc_a-closer.o)
                              C:/ST/STM32CubeIDE_1.15.1/STM32CubeIDE/plugins/com.st.stm32cube.ide.mcu.externaltools.gnu-tools-for-stm32.12.3.rel1.win32_1.0.100.202403111256/tools/bin/../lib/gcc/arm-none-eabi/12.3.1/../../../../arm-none-eabi/lib/thumb/v7e-m+dp/hard\libc_nano.a(libc_a-stdio.o) (_close_r)
C:/ST/STM32CubeIDE_1.15.1/STM32CubeIDE/plugins/com.st.stm32cube.ide.mcu.externaltools.gnu-tools-for-stm32.12.3.rel1.win32_1.0.100.202403111256/tools/bin/../lib/gcc/arm-none-eabi/12.3.1/../../../../arm-none-eabi/lib/thumb/v7e-m+dp/hard\libc_nano.a(libc_a-reent.o)
                              C:/ST/STM32CubeIDE_1.15.1/STM32CubeIDE/plugins/com.st.stm32cube.ide.mcu.externaltools.gnu-tools-for-stm32.12.3.rel1.win32_1.0.100.202403111256/tools/bin/../lib/gcc/arm-none-eabi/12.3.1/../../../../arm-none-eabi/lib/thumb/v7e-m+dp/hard\libc_nano.a(libc_a-closer.o) (errno)
[...]
Memory Configuration

Name             Origin             Length             Attributes
ITCMRAM          0x00000000         0x00010000         xrw
DTCMRAM          0x20000000         0x00020000         xrw
FLASH            0x08000000         0x00100000         xr
RAM_D1           0x24000000         0x00050000         xrw
RAM_D2           0x30000000         0x00008000         xrw
RAM_D3           0x38000000         0x00004000         xrw
*default*        0x00000000         0xffffffff

Linker script and memory map

LOAD C:/ST/STM32CubeIDE_1.15.1/STM32CubeIDE/plugins/com.st.stm32cube.ide.mcu.externaltools.gnu-tools-for-stm32.12.3.rel1.win32_1.0.100.202403111256/tools/bin/../lib/gcc/arm-none-eabi/12.3.1/thumb/v7e-m+dp/hard/crti.o
LOAD C:/ST/STM32CubeIDE_1.15.1/STM32CubeIDE/plugins/com.st.stm32cube.ide.mcu.externaltools.gnu-tools-for-stm32.12.3.rel1.win32_1.0.100.202403111256/tools/bin/../lib/gcc/arm-none-eabi/12.3.1/thumb/v7e-m+dp/hard/crtbegin.o
LOAD C:/ST/STM32CubeIDE_1.15.1/STM32CubeIDE/plugins/com.st.stm32cube.ide.mcu.externaltools.gnu-tools-for-stm32.12.3.rel1.win32_1.0.100.202403111256/tools/bin/../lib/gcc/arm-none-eabi/12.3.1/../../../../arm-none-eabi/lib/thumb/v7e-m+dp/hard/crt0.o
LOAD ./Core/Src/W25Qxx.o
LOAD ./Core/Src/debug.o
LOAD ./Core/Src/ethernet.o
LOAD ./Core/Src/ksz8863.o
LOAD ./Core/Src/ksz8863_driver.o
LOAD ./Core/Src/main.o
LOAD ./Core/Src/nic.o
LOAD ./Core/Src/stm32h7xx_hal_msp.o
LOAD ./Core/Src/stm32h7xx_it.o
LOAD ./Core/Src/syscalls.o
LOAD ./Core/Src/sysmem.o
LOAD ./Core/Src/system_stm32h7xx.o
LOAD ./Core/Startup/startup_stm32h723zgtx.o
LOAD ./Drivers/STM32H7xx_HAL_Driver/Src/stm32h7xx_hal.o
LOAD ./Drivers/STM32H7xx_HAL_Driver/Src/stm32h7xx_hal_adc.o
LOAD ./Drivers/STM32H7xx_HAL_Driver/Src/stm32h7xx_hal_adc_ex.o
LOAD ./Drivers/STM32H7xx_HAL_Driver/Src/stm32h7xx_hal_cortex.o
LOAD ./Drivers/STM32H7xx_HAL_Driver/Src/stm32h7xx_hal_dma.o
LOAD ./Drivers/STM32H7xx_HAL_Driver/Src/stm32h7xx_hal_dma_ex.o
LOAD ./Drivers/STM32H7xx_HAL_Driver/Src/stm32h7xx_hal_eth.o
LOAD ./Drivers/STM32H7xx_HAL_Driver/Src/stm32h7xx_hal_eth_ex.o
LOAD ./Drivers/STM32H7xx_HAL_Driver/Src/stm32h7xx_hal_exti.o
LOAD ./Drivers/STM32H7xx_HAL_Driver/Src/stm32h7xx_hal_flash.o
LOAD ./Drivers/STM32H7xx_HAL_Driver/Src/stm32h7xx_hal_flash_ex.o
LOAD ./Drivers/STM32H7xx_HAL_Driver/Src/stm32h7xx_hal_gpio.o
LOAD ./Drivers/STM32H7xx_HAL_Driver/Src/stm32h7xx_hal_hsem.o
LOAD ./Drivers/STM32H7xx_HAL_Driver/Src/stm32h7xx_hal_i2c.o
LOAD ./Drivers/STM32H7xx_HAL_Driver/Src/stm32h7xx_hal_i2c_ex.o
LOAD ./Drivers/STM32H7xx_HAL_Driver/Src/stm32h7xx_hal_mdma.o
LOAD ./Drivers/STM32H7xx_HAL_Driver/Src/stm32h7xx_hal_pwr.o
LOAD ./Drivers/STM32H7xx_HAL_Driver/Src/stm32h7xx_hal_pwr_ex.o
LOAD ./Drivers/STM32H7xx_HAL_Driver/Src/stm32h7xx_hal_rcc.o
LOAD ./Drivers/STM32H7xx_HAL_Driver/Src/stm32h7xx_hal_rcc_ex.o
LOAD ./Drivers/STM32H7xx_HAL_Driver/Src/stm32h7xx_hal_sdram.o
LOAD ./Drivers/STM32H7xx_HAL_Driver/Src/stm32h7xx_hal_spi.o
LOAD ./Drivers/STM32H7xx_HAL_Driver/Src/stm32h7xx_hal_spi_ex.o
LOAD ./Drivers/STM32H7xx_HAL_Driver/Src/stm32h7xx_hal_tim.o
LOAD ./Drivers/STM32H7xx_HAL_Driver/Src/stm32h7xx_hal_tim_ex.o
LOAD ./Drivers/STM32H7xx_HAL_Driver/Src/stm32h7xx_hal_uart.o
LOAD ./Drivers/STM32H7xx_HAL_Driver/Src/stm32h7xx_hal_uart_ex.o
LOAD ./Drivers/STM32H7xx_HAL_Driver/Src/stm32h7xx_ll_fmc.o
START GROUP
LOAD C:/ST/STM32CubeIDE_1.15.1/STM32CubeIDE/plugins/com.st.stm32cube.ide.mcu.externaltools.gnu-tools-for-stm32.12.3.rel1.win32_1.0.100.202403111256/tools/bin/../lib/gcc/arm-none-eabi/12.3.1/../../../../arm-none-eabi/lib/thumb/v7e-m+dp/hard\libc_nano.a
LOAD C:/ST/STM32CubeIDE_1.15.1/STM32CubeIDE/plugins/com.st.stm32cube.ide.mcu.externaltools.gnu-tools-for-stm32.12.3.rel1.win32_1.0.100.202403111256/tools/bin/../lib/gcc/arm-none-eabi/12.3.1/../../../../arm-none-eabi/lib/thumb/v7e-m+dp/hard\libm.a
END GROUP
START GROUP
LOAD C:/ST/STM32CubeIDE_1.15.1/STM32CubeIDE/plugins/com.st.stm32cube.ide.mcu.externaltools.gnu-tools-for-stm32.12.3.rel1.win32_1.0.100.202403111256/tools/bin/../lib/gcc/arm-none-eabi/12.3.1/thumb/v7e-m+dp/hard\libgcc.a
LOAD C:/ST/STM32CubeIDE_1.15.1/STM32CubeIDE/plugins/com.st.stm32cube.ide.mcu.externaltools.gnu-tools-for-stm32.12.3.rel1.win32_1.0.100.202403111256/tools/bin/../lib/gcc/arm-none-eabi/12.3.1/../../../../arm-none-eabi/lib/thumb/v7e-m+dp/hard\libc_nano.a
END GROUP
START GROUP
LOAD C:/ST/STM32CubeIDE_1.15.1/STM32CubeIDE/plugins/com.st.stm32cube.ide.mcu.externaltools.gnu-tools-for-stm32.12.3.rel1.win32_1.0.100.202403111256/tools/bin/../lib/gcc/arm-none-eabi/12.3.1/thumb/v7e-m+dp/hard\libgcc.a
LOAD C:/ST/STM32CubeIDE_1.15.1/STM32CubeIDE/plugins/com.st.stm32cube.ide.mcu.externaltools.gnu-tools-for-stm32.12.3.rel1.win32_1.0.100.202403111256/tools/bin/../lib/gcc/arm-none-eabi/12.3.1/../../../../arm-none-eabi/lib/thumb/v7e-m+dp/hard\libc_nano.a
LOAD C:/ST/STM32CubeIDE_1.15.1/STM32CubeIDE/plugins/com.st.stm32cube.ide.mcu.externaltools.gnu-tools-for-stm32.12.3.rel1.win32_1.0.100.202403111256/tools/bin/../lib/gcc/arm-none-eabi/12.3.1/../../../../arm-none-eabi/lib/thumb/v7e-m+dp/hard\libnosys.a
END GROUP
START GROUP
LOAD C:/ST/STM32CubeIDE_1.15.1/STM32CubeIDE/plugins/com.st.stm32cube.ide.mcu.externaltools.gnu-tools-for-stm32.12.3.rel1.win32_1.0.100.202403111256/tools/bin/../lib/gcc/arm-none-eabi/12.3.1/thumb/v7e-m+dp/hard\libgcc.a
LOAD C:/ST/STM32CubeIDE_1.15.1/STM32CubeIDE/plugins/com.st.stm32cube.ide.mcu.externaltools.gnu-tools-for-stm32.12.3.rel1.win32_1.0.100.202403111256/tools/bin/../lib/gcc/arm-none-eabi/12.3.1/../../../../arm-none-eabi/lib/thumb/v7e-m+dp/hard\libc_nano.a
LOAD C:/ST/STM32CubeIDE_1.15.1/STM32CubeIDE/plugins/com.st.stm32cube.ide.mcu.externaltools.gnu-tools-for-stm32.12.3.rel1.win32_1.0.100.202403111256/tools/bin/../lib/gcc/arm-none-eabi/12.3.1/../../../../arm-none-eabi/lib/thumb/v7e-m+dp/hard\libnosys.a
END GROUP
LOAD C:/ST/STM32CubeIDE_1.15.1/STM32CubeIDE/plugins/com.st.stm32cube.ide.mcu.externaltools.gnu-tools-for-stm32.12.3.rel1.win32_1.0.100.202403111256/tools/bin/../lib/gcc/arm-none-eabi/12.3.1/thumb/v7e-m+dp/hard/crtend.o
LOAD C:/ST/STM32CubeIDE_1.15.1/STM32CubeIDE/plugins/com.st.stm32cube.ide.mcu.externaltools.gnu-tools-for-stm32.12.3.rel1.win32_1.0.100.202403111256/tools/bin/../lib/gcc/arm-none-eabi/12.3.1/thumb/v7e-m+dp/hard/crtn.o
                0x24050000                        _estack = (ORIGIN (RAM_D1) + LENGTH (RAM_D1))
                0x00000200                        _Min_Heap_Size = 0x200
                0x00000400                        _Min_Stack_Size = 0x400

.isr_vector     0x08000000      0x2cc
                0x08000000                        . = ALIGN (0x4)
 *(.isr_vector)
 .isr_vector    0x08000000      0x2cc ./Core/Startup/startup_stm32h723zgtx.o
                0x08000000                g_pfnVectors
                0x080002cc                        . = ALIGN (0x4)

.text           0x080002d0    0x10e8c
                0x080002d0                        . = ALIGN (0x4)
 *(.text)
 .text          0x080002d0       0x40 C:/ST/STM32CubeIDE_1.15.1/STM32CubeIDE/plugins/com.st.stm32cube.ide.mcu.externaltools.gnu-tools-for-stm32.12.3.rel1.win32_1.0.100.202403111256/tools/bin/../lib/gcc/arm-none-eabi/12.3.1/thumb/v7e-m+dp/hard/crtbegin.o
 .text          0x08000310       0x10 C:/ST/STM32CubeIDE_1.15.1/STM32CubeIDE/plugins/com.st.stm32cube.ide.mcu.externaltools.gnu-tools-for-stm32.12.3.rel1.win32_1.0.100.202403111256/tools/bin/../lib/gcc/arm-none-eabi/12.3.1/../../../../arm-none-eabi/lib/thumb/v7e-m+dp/hard\libc_nano.a(libc_a-strlen.o)
                0x08000310                strlen
 .text          0x08000320       0xa0 C:/ST/STM32CubeIDE_1.15.1/STM32CubeIDE/plugins/com.st.stm32cube.ide.mcu.externaltools.gnu-tools-for-stm32.12.3.rel1.win32_1.0.100.202403111256/tools/bin/../lib/gcc/arm-none-eabi/12.3.1/../../../../arm-none-eabi/lib/thumb/v7e-m+dp/hard\libc_nano.a(libc_a-memchr.o)
                0x08000320                memchr
 .text          0x080003c0       0x30 C:/ST/STM32CubeIDE_1.15.1/STM32CubeIDE/plugins/com.st.stm32cube.ide.mcu.externaltools.gnu-tools-for-stm32.12.3.rel1.win32_1.0.100.202403111256/tools/bin/../lib/gcc/arm-none-eabi/12.3.1/thumb/v7e-m+dp/hard\libgcc.a(_aeabi_uldivmod.o)
                0x080003c0                __aeabi_uldivmod
 .text          0x080003f0      0x2bc C:/ST/STM32CubeIDE_1.15.1/STM32CubeIDE/plugins/com.st.stm32cube.ide.mcu.externaltools.gnu-tools-for-stm32.12.3.rel1.win32_1.0.100.202403111256/tools/bin/../lib/gcc/arm-none-eabi/12.3.1/thumb/v7e-m+dp/hard\libgcc.a(_udivmoddi4.o)
                0x080003f0                __udivmoddi4
 .text          0x080006ac        0x4 C:/ST/STM32CubeIDE_1.15.1/STM32CubeIDE/plugins/com.st.stm32cube.ide.mcu.externaltools.gnu-tools-for-stm32.12.3.rel1.win32_1.0.100.202403111256/tools/bin/../lib/gcc/arm-none-eabi/12.3.1/thumb/v7e-m+dp/hard\libgcc.a(_dvmd_tls.o)
                0x080006ac                __aeabi_idiv0
                0x080006ac                __aeabi_ldiv0
 *(.text*)
 .text.W25Q_Delay
                0x080006b0       0x16 ./Core/Src/W25Qxx.o
                0x080006b0                W25Q_Delay
 *fill*         0x080006c6        0x2 
 .text.csLOW    0x080006c8       0x18 ./Core/Src/W25Qxx.o
                0x080006c8                csLOW
 .text.csHIGH   0x080006e0       0x18 ./Core/Src/W25Qxx.o
                0x080006e0                csHIGH
 .text.SPI_Write
                0x080006f8       0x28 ./Core/Src/W25Qxx.o
                0x080006f8                SPI_Write
 .text.SPI_Read
                0x08000720       0x28 ./Core/Src/W25Qxx.o
                0x08000720                SPI_Read
 .text.W25Q_ReadID
                0x08000748       0x3c ./Core/Src/W25Qxx.o
                0x08000748                W25Q_ReadID
 .text.W25Q_Reset_DMA
                0x08000784       0x34 ./Core/Src/W25Qxx.o
                0x08000784                W25Q_Reset_DMA
 .text.W25Q_ReadID_DMA
                0x080007b8       0x48 ./Core/Src/W25Qxx.o
                0x080007b8                W25Q_ReadID_DMA
 .text.DebugPrintf
                0x08000800       0x48 ./Core/Src/debug.o
                0x08000800                DebugPrintf
 .text.DebugPrintBinary
                0x08000848       0x40 ./Core/Src/debug.o
                0x08000848                DebugPrintBinary
 .text.printMacAddrAsBytes
                0x08000888       0x48 ./Core/Src/ethernet.o
                0x08000888                printMacAddrAsBytes
 .text.ksz_csLOW
                0x080008d0       0x18 ./Core/Src/ksz8863.o
                0x080008d0                ksz_csLOW
 .text.ksz_csHIGH
                0x080008e8       0x18 ./Core/Src/ksz8863.o
                0x080008e8                ksz_csHIGH
 .text.ksz_SPI_Write
                0x08000900       0x28 ./Core/Src/ksz8863.o
                0x08000900                ksz_SPI_Write
 .text.ksz_SPI_Read
                0x08000928       0x28 ./Core/Src/ksz8863.o
                0x08000928                ksz_SPI_Read
 .text.ksz_ReadID
                0x08000950       0x38 ./Core/Src/ksz8863.o
                0x08000950                ksz_ReadID
 .text.ksz_ReadID_DMA
                0x08000988       0x6c ./Core/Src/ksz8863.o
                0x08000988                ksz_ReadID_DMA
 .text.ksz8863Init
                0x080009f4       0xf4 ./Core/Src/ksz8863_driver.o
                0x080009f4                ksz8863Init
 .text.ksz8863EnablePassAllFrame
                0x08000ae8       0x3e ./Core/Src/ksz8863_driver.o
                0x08000ae8                ksz8863EnablePassAllFrame
 .text.ksz8863EnableAging
                0x08000b26       0x3e ./Core/Src/ksz8863_driver.o
                0x08000b26                ksz8863EnableAging
 .text.ksz8863SwitchStart
                0x08000b64       0x54 ./Core/Src/ksz8863_driver.o
                0x08000b64                ksz8863SwitchStart
 .text.ksz8863SetCpuClockSelection
                0x08000bb8       0x3e ./Core/Src/ksz8863_driver.o
                0x08000bb8                ksz8863SetCpuClockSelection
 *fill*         0x08000bf6        0x2 
 .text.ksz8863GetLinkState
                0x08000bf8       0x5c ./Core/Src/ksz8863_driver.o
                0x08000bf8                ksz8863GetLinkState
 .text.ksz8863GetLinkSpeed
                0x08000c54       0x88 ./Core/Src/ksz8863_driver.o
                0x08000c54                ksz8863GetLinkSpeed
 .text.ksz8863GetDuplexMode
                0x08000cdc       0x84 ./Core/Src/ksz8863_driver.o
                0x08000cdc                ksz8863GetDuplexMode
 .text.ksz8863SetPortState
                0x08000d60       0xc8 ./Core/Src/ksz8863_driver.o
                0x08000d60                ksz8863SetPortState
 .text.ksz8863GetPortState
                0x08000e28       0xe0 ./Core/Src/ksz8863_driver.o
                0x08000e28                ksz8863GetPortState
 .text.ksz8863GetDynamicFdbEntry
                0x08000f08      0x130 ./Core/Src/ksz8863_driver.o
                0x08000f08                ksz8863GetDynamicFdbEntry
 .text.ksz8863WriteSwitchReg
                0x08001038       0x38 ./Core/Src/ksz8863_driver.o
                0x08001038                ksz8863WriteSwitchReg
 .text.ksz8863ReadSwitchReg
                0x08001070       0x3c ./Core/Src/ksz8863_driver.o
                0x08001070                ksz8863ReadSwitchReg
 .text.ksz8863DumpSwitchReg
                0x080010ac       0x58 ./Core/Src/ksz8863_driver.o
                0x080010ac                ksz8863DumpSwitchReg
 .text.ksz8863GetSwitchMacAddr
                0x08001104       0x5a ./Core/Src/ksz8863_driver.o
                0x08001104                ksz8863GetSwitchMacAddr
 .text.ksz8863GetPowerManagementMode
                0x0800115e       0x20 ./Core/Src/ksz8863_driver.o
                0x0800115e                ksz8863GetPowerManagementMode
 *fill*         0x0800117e        0x2 
 .text.ksz8863SetPowerManagementMode
                0x08001180       0x50 ./Core/Src/ksz8863_driver.o
                0x08001180                ksz8863SetPowerManagementMode
 .text.ksz8863PowerUpPort
                0x080011d0       0x4e ./Core/Src/ksz8863_driver.o
                0x080011d0                ksz8863PowerUpPort
 .text.ksz8863EnableAutoNegotiationPort
                0x0800121e       0x4e ./Core/Src/ksz8863_driver.o
                0x0800121e                ksz8863EnableAutoNegotiationPort
 .text.ksz8863SetForceLinkSpeed
                0x0800126c       0x74 ./Core/Src/ksz8863_driver.o
                0x0800126c                ksz8863SetForceLinkSpeed
 .text.ksz8863SetForcedDuplexMode
                0x080012e0       0x64 ./Core/Src/ksz8863_driver.o
                0x080012e0                ksz8863SetForcedDuplexMode
 .text.ksz8863TurnOnPortLed
                0x08001344       0x4e ./Core/Src/ksz8863_driver.o
                0x08001344                ksz8863TurnOnPortLed
 .text.LSB      0x08001392       0x1a ./Core/Src/ksz8863_driver.o
                0x08001392                LSB
 .text.MSB      0x080013ac       0x1e ./Core/Src/ksz8863_driver.o
                0x080013ac                MSB
 .text.ksz8863EnableFlowControlAdvertisementOnPort
                0x080013ca       0x64 ./Core/Src/ksz8863_driver.o
                0x080013ca                ksz8863EnableFlowControlAdvertisementOnPort
 .text.ksz8863EnableAdvertise100BTFullDuplexCapabilityOnPort
                0x0800142e       0x64 ./Core/Src/ksz8863_driver.o
                0x0800142e                ksz8863EnableAdvertise100BTFullDuplexCapabilityOnPort
 .text.ksz8863EnableAdvertise100BTHalfDuplexCapabilityOnPort
                0x08001492       0x64 ./Core/Src/ksz8863_driver.o
                0x08001492                ksz8863EnableAdvertise100BTHalfDuplexCapabilityOnPort
 .text.ksz8863EnableAdvertise10BTFullDuplexCapabilityOnPort
                0x080014f6       0x64 ./Core/Src/ksz8863_driver.o
                0x080014f6                ksz8863EnableAdvertise10BTFullDuplexCapabilityOnPort
 .text.ksz8863EnableAdvertise10BTHalfDuplexCapabilityOnPort
                0x0800155a       0x64 ./Core/Src/ksz8863_driver.o
                0x0800155a                ksz8863EnableAdvertise10BTHalfDuplexCapabilityOnPort
 *fill*         0x080015be        0x2 
 .text.main     0x080015c0      0x364 ./Core/Src/main.o
                0x080015c0                main
 .text.SystemClock_Config
                0x08001924       0xf0 ./Core/Src/main.o
                0x08001924                SystemClock_Config
 .text.MX_ADC1_Init
                0x08001a14       0xf0 ./Core/Src/main.o
 .text.MX_ETH_Init
                0x08001b04       0x98 ./Core/Src/main.o
 .text.MX_I2C4_Init
                0x08001b9c       0x80 ./Core/Src/main.o
 .text.MX_SPI1_Init
                0x08001c1c       0xac ./Core/Src/main.o
 .text.MX_SPI4_Init
                0x08001cc8       0xac ./Core/Src/main.o
 .text.MX_TIM1_Init
                0x08001d74       0xa8 ./Core/Src/main.o
 .text.MX_TIM2_Init
                0x08001e1c      0x130 ./Core/Src/main.o
 .text.MX_UART4_Init
                0x08001f4c       0x9c ./Core/Src/main.o
 .text.MX_UART5_Init
                0x08001fe8       0x9c ./Core/Src/main.o
 .text.MX_UART7_Init
                0x08002084       0x9c ./Core/Src/main.o
 .text.MX_USART1_UART_Init
                0x08002120       0x9c ./Core/Src/main.o
 .text.MX_USART2_UART_Init
                0x080021bc       0x98 ./Core/Src/main.o
 .text.MX_USART3_UART_Init
                0x08002254       0x98 ./Core/Src/main.o
 .text.MX_DMA_Init
                0x080022ec       0x90 ./Core/Src/main.o
 .text.MX_FMC_Init
                0x0800237c       0xa0 ./Core/Src/main.o
 .text.MX_GPIO_Init
                0x0800241c      0x330 ./Core/Src/main.o
 .text.Error_Handler
                0x0800274c        0xc ./Core/Src/main.o
                0x0800274c                Error_Handler
 .text.printSwitchFdbEntry
                0x08002758       0x78 ./Core/Src/nic.o
                0x08002758                printSwitchFdbEntry
 .text.HAL_MspInit
                0x080027d0       0x34 ./Core/Src/stm32h7xx_hal_msp.o
                0x080027d0                HAL_MspInit
 .text.HAL_ADC_MspInit
                0x08002804      0x120 ./Core/Src/stm32h7xx_hal_msp.o
                0x08002804                HAL_ADC_MspInit
 .text.HAL_ETH_MspInit
                0x08002924      0x158 ./Core/Src/stm32h7xx_hal_msp.o
                0x08002924                HAL_ETH_MspInit
 .text.HAL_I2C_MspInit
                0x08002a7c       0xcc ./Core/Src/stm32h7xx_hal_msp.o
                0x08002a7c                HAL_I2C_MspInit
 .text.HAL_SPI_MspInit
                0x08002b48      0x3b4 ./Core/Src/stm32h7xx_hal_msp.o
                0x08002b48                HAL_SPI_MspInit
 .text.HAL_TIM_Base_MspInit
                0x08002efc       0x70 ./Core/Src/stm32h7xx_hal_msp.o
                0x08002efc                HAL_TIM_Base_MspInit
 .text.HAL_TIM_MspPostInit
                0x08002f6c       0xb8 ./Core/Src/stm32h7xx_hal_msp.o
                0x08002f6c                HAL_TIM_MspPostInit
 .text.HAL_UART_MspInit
                0x08003024      0x510 ./Core/Src/stm32h7xx_hal_msp.o
                0x08003024                HAL_UART_MspInit
 .text.HAL_FMC_MspInit
                0x08003534      0x19c ./Core/Src/stm32h7xx_hal_msp.o
 .text.HAL_SDRAM_MspInit
                0x080036d0       0x14 ./Core/Src/stm32h7xx_hal_msp.o
                0x080036d0                HAL_SDRAM_MspInit
 .text.NMI_Handler
                0x080036e4        0x8 ./Core/Src/stm32h7xx_it.o
                0x080036e4                NMI_Handler
 .text.HardFault_Handler
                0x080036ec        0x8 ./Core/Src/stm32h7xx_it.o
                0x080036ec                HardFault_Handler
 .text.MemManage_Handler
                0x080036f4        0x8 ./Core/Src/stm32h7xx_it.o
                0x080036f4                MemManage_Handler
 .text.BusFault_Handler
                0x080036fc        0x8 ./Core/Src/stm32h7xx_it.o
                0x080036fc                BusFault_Handler
 .text.UsageFault_Handler
                0x08003704        0x8 ./Core/Src/stm32h7xx_it.o
                0x08003704                UsageFault_Handler
 .text.SVC_Handler
                0x0800370c        0xe ./Core/Src/stm32h7xx_it.o
                0x0800370c                SVC_Handler
 .text.DebugMon_Handler
                0x0800371a        0xe ./Core/Src/stm32h7xx_it.o
                0x0800371a                DebugMon_Handler
 .text.PendSV_Handler
                0x08003728        0xe ./Core/Src/stm32h7xx_it.o
                0x08003728                PendSV_Handler
 .text.SysTick_Handler
                0x08003736        0xc ./Core/Src/stm32h7xx_it.o
                0x08003736                SysTick_Handler
 *fill*         0x08003742        0x2 
 .text.DMA1_Stream2_IRQHandler
                0x08003744       0x14 ./Core/Src/stm32h7xx_it.o
                0x08003744                DMA1_Stream2_IRQHandler
 .text.DMA1_Stream3_IRQHandler
                0x08003758       0x14 ./Core/Src/stm32h7xx_it.o
                0x08003758                DMA1_Stream3_IRQHandler
 .text.SPI1_IRQHandler
                0x0800376c       0x14 ./Core/Src/stm32h7xx_it.o
                0x0800376c                SPI1_IRQHandler
 .text.USART1_IRQHandler
                0x08003780       0x14 ./Core/Src/stm32h7xx_it.o
                0x08003780                USART1_IRQHandler
 .text.USART2_IRQHandler
                0x08003794       0x14 ./Core/Src/stm32h7xx_it.o
                0x08003794                USART2_IRQHandler
 .text.USART3_IRQHandler
                0x080037a8       0x14 ./Core/Src/stm32h7xx_it.o
                0x080037a8                USART3_IRQHandler
 .text.UART4_IRQHandler
                0x080037bc       0x14 ./Core/Src/stm32h7xx_it.o
                0x080037bc                UART4_IRQHandler
 .text.UART5_IRQHandler
                0x080037d0       0x14 ./Core/Src/stm32h7xx_it.o
                0x080037d0                UART5_IRQHandler
 .text.DMA2_Stream1_IRQHandler
                0x080037e4       0x14 ./Core/Src/stm32h7xx_it.o
                0x080037e4                DMA2_Stream1_IRQHandler
 .text.DMA2_Stream3_IRQHandler
                0x080037f8       0x14 ./Core/Src/stm32h7xx_it.o
                0x080037f8                DMA2_Stream3_IRQHandler
 .text.UART7_IRQHandler
                0x0800380c       0x14 ./Core/Src/stm32h7xx_it.o
                0x0800380c                UART7_IRQHandler
 .text.SPI4_IRQHandler
                0x08003820       0x14 ./Core/Src/stm32h7xx_it.o
                0x08003820                SPI4_IRQHandler
 .text._sbrk    0x08003834       0x6c ./Core/Src/sysmem.o
                0x08003834                _sbrk
 .text.SystemInit
                0x080038a0       0xf0 ./Core/Src/system_stm32h7xx.o
                0x080038a0                SystemInit
 .text.Reset_Handler
                0x08003990       0x50 ./Core/Startup/startup_stm32h723zgtx.o
                0x08003990                Reset_Handler
 .text.Default_Handler
                0x080039e0        0x2 ./Core/Startup/startup_stm32h723zgtx.o
                0x080039e0                RTC_Alarm_IRQHandler
                0x080039e0                EXTI2_IRQHandler
                0x080039e0                TIM8_CC_IRQHandler
                0x080039e0                UART8_IRQHandler
                0x080039e0                FDCAN3_IT0_IRQHandler
                0x080039e0                TIM1_CC_IRQHandler
                0x080039e0                BDMA_Channel6_IRQHandler
                0x080039e0                DMA2_Stream5_IRQHandler
                0x080039e0                DMA1_Stream5_IRQHandler
                0x080039e0                CORDIC_IRQHandler
                0x080039e0                BDMA_Channel1_IRQHandler
                0x080039e0                TAMP_STAMP_IRQHandler
                0x080039e0                EXTI3_IRQHandler
                0x080039e0                LPTIM4_IRQHandler
                0x080039e0                TIM8_TRG_COM_TIM14_IRQHandler
                0x080039e0                LPTIM2_IRQHandler
                0x080039e0                DFSDM1_FLT1_IRQHandler
                0x080039e0                DMAMUX2_OVR_IRQHandler
                0x080039e0                TIM8_UP_TIM13_IRQHandler
                0x080039e0                I2C3_ER_IRQHandler
                0x080039e0                DFSDM1_FLT2_IRQHandler
                0x080039e0                I2C5_EV_IRQHandler
                0x080039e0                USART10_IRQHandler
                0x080039e0                MDMA_IRQHandler
                0x080039e0                LPTIM3_IRQHandler
                0x080039e0                HSEM1_IRQHandler
                0x080039e0                EXTI0_IRQHandler
                0x080039e0                I2C2_EV_IRQHandler
                0x080039e0                FPU_IRQHandler
                0x080039e0                OTG_HS_WKUP_IRQHandler
                0x080039e0                FDCAN1_IT1_IRQHandler
                0x080039e0                LTDC_ER_IRQHandler
                0x080039e0                DMA2_Stream2_IRQHandler
                0x080039e0                OCTOSPI1_IRQHandler
                0x080039e0                TIM6_DAC_IRQHandler
                0x080039e0                OCTOSPI2_IRQHandler
                0x080039e0                DFSDM1_FLT3_IRQHandler
                0x080039e0                TIM23_IRQHandler
                0x080039e0                USART6_IRQHandler
                0x080039e0                TIM17_IRQHandler
                0x080039e0                BDMA_Channel7_IRQHandler
                0x080039e0                LPTIM5_IRQHandler
                0x080039e0                ADC3_IRQHandler
                0x080039e0                DMA2_Stream0_IRQHandler
                0x080039e0                TIM4_IRQHandler
                0x080039e0                BDMA_Channel2_IRQHandler
                0x080039e0                I2C1_EV_IRQHandler
                0x080039e0                DMA1_Stream6_IRQHandler
                0x080039e0                DMAMUX1_OVR_IRQHandler
                0x080039e0                DMA1_Stream1_IRQHandler
                0x080039e0                TIM16_IRQHandler
                0x080039e0                BDMA_Channel5_IRQHandler
                0x080039e0                TIM3_IRQHandler
                0x080039e0                RCC_IRQHandler
                0x080039e0                UART9_IRQHandler
                0x080039e0                TIM8_BRK_TIM12_IRQHandler
                0x080039e0                TIM1_TRG_COM_IRQHandler
                0x080039e0                Default_Handler
                0x080039e0                ECC_IRQHandler
                0x080039e0                FMAC_IRQHandler
                0x080039e0                CEC_IRQHandler
                0x080039e0                EXTI15_10_IRQHandler
                0x080039e0                BDMA_Channel0_IRQHandler
                0x080039e0                ADC_IRQHandler
                0x080039e0                I2C5_ER_IRQHandler
                0x080039e0                DMA1_Stream7_IRQHandler
                0x080039e0                SPI5_IRQHandler
                0x080039e0                TIM7_IRQHandler
                0x080039e0                FDCAN3_IT1_IRQHandler
                0x080039e0                SDMMC1_IRQHandler
                0x080039e0                TIM5_IRQHandler
                0x080039e0                DMA2_Stream7_IRQHandler
                0x080039e0                TIM15_IRQHandler
                0x080039e0                PVD_AVD_IRQHandler
                0x080039e0                I2C3_EV_IRQHandler
                0x080039e0                EXTI9_5_IRQHandler
                0x080039e0                RTC_WKUP_IRQHandler
                0x080039e0                LTDC_IRQHandler
                0x080039e0                ETH_WKUP_IRQHandler
                0x080039e0                SPDIF_RX_IRQHandler
                0x080039e0                SPI2_IRQHandler
                0x080039e0                OTG_HS_EP1_IN_IRQHandler
                0x080039e0                DMA1_Stream0_IRQHandler
                0x080039e0                TIM24_IRQHandler
                0x080039e0                CRS_IRQHandler
                0x080039e0                EXTI4_IRQHandler
                0x080039e0                RNG_IRQHandler
                0x080039e0                FDCAN2_IT1_IRQHandler
                0x080039e0                ETH_IRQHandler
                0x080039e0                TIM1_UP_IRQHandler
                0x080039e0                BDMA_Channel4_IRQHandler
                0x080039e0                OTG_HS_EP1_OUT_IRQHandler
                0x080039e0                WWDG_IRQHandler
                0x080039e0                SPI6_IRQHandler
                0x080039e0                MDIOS_IRQHandler
                0x080039e0                I2C4_EV_IRQHandler
                0x080039e0                FDCAN2_IT0_IRQHandler
                0x080039e0                LPUART1_IRQHandler
                0x080039e0                FDCAN1_IT0_IRQHandler
                0x080039e0                TIM2_IRQHandler
                0x080039e0                OTG_HS_IRQHandler
                0x080039e0                DMA2D_IRQHandler
                0x080039e0                TIM1_BRK_IRQHandler
                0x080039e0                EXTI1_IRQHandler
                0x080039e0                SDMMC2_IRQHandler
                0x080039e0                BDMA_Channel3_IRQHandler
                0x080039e0                DTS_IRQHandler
                0x080039e0                MDIOS_WKUP_IRQHandler
                0x080039e0                DFSDM1_FLT0_IRQHandler
                0x080039e0                SAI4_IRQHandler
                0x080039e0                I2C2_ER_IRQHandler
                0x080039e0                FLASH_IRQHandler
                0x080039e0                DMA2_Stream4_IRQHandler
                0x080039e0                SPI3_IRQHandler
                0x080039e0                WAKEUP_PIN_IRQHandler
                0x080039e0                DMA1_Stream4_IRQHandler
                0x080039e0                I2C1_ER_IRQHandler
                0x080039e0                FMC_IRQHandler
                0x080039e0                FDCAN_CAL_IRQHandler
                0x080039e0                SWPMI1_IRQHandler
                0x080039e0                COMP1_IRQHandler
                0x080039e0                LPTIM1_IRQHandler
                0x080039e0                DCMI_PSSI_IRQHandler
                0x080039e0                I2C4_ER_IRQHandler
                0x080039e0                DMA2_Stream6_IRQHandler
                0x080039e0                SAI1_IRQHandler
 *fill*         0x080039e2        0x2 
 .text.HAL_Init
                0x080039e4       0x78 ./Drivers/STM32H7xx_HAL_Driver/Src/stm32h7xx_hal.o
                0x080039e4                HAL_Init
 .text.HAL_InitTick
                0x08003a5c       0x6c ./Drivers/STM32H7xx_HAL_Driver/Src/stm32h7xx_hal.o
                0x08003a5c                HAL_InitTick
 .text.HAL_IncTick
                0x08003ac8       0x28 ./Drivers/STM32H7xx_HAL_Driver/Src/stm32h7xx_hal.o
                0x08003ac8                HAL_IncTick
 .text.HAL_GetTick
                0x08003af0       0x18 ./Drivers/STM32H7xx_HAL_Driver/Src/stm32h7xx_hal.o
                0x08003af0                HAL_GetTick
 .text.HAL_Delay
                0x08003b08       0x48 ./Drivers/STM32H7xx_HAL_Driver/Src/stm32h7xx_hal.o
                0x08003b08                HAL_Delay
 .text.HAL_SYSCFG_ETHInterfaceSelect
                0x08003b50       0x28 ./Drivers/STM32H7xx_HAL_Driver/Src/stm32h7xx_hal.o
                0x08003b50                HAL_SYSCFG_ETHInterfaceSelect
 .text.LL_ADC_SetCommonClock
                0x08003b78       0x26 ./Drivers/STM32H7xx_HAL_Driver/Src/stm32h7xx_hal_adc.o
 .text.LL_ADC_SetCommonPathInternalCh
                0x08003b9e       0x26 ./Drivers/STM32H7xx_HAL_Driver/Src/stm32h7xx_hal_adc.o
 .text.LL_ADC_GetCommonPathInternalCh
                0x08003bc4       0x1c ./Drivers/STM32H7xx_HAL_Driver/Src/stm32h7xx_hal_adc.o
 .text.LL_ADC_SetOffset
                0x08003be0       0x64 ./Drivers/STM32H7xx_HAL_Driver/Src/stm32h7xx_hal_adc.o
 .text.LL_ADC_GetOffsetChannel
                0x08003c44       0x2c ./Drivers/STM32H7xx_HAL_Driver/Src/stm32h7xx_hal_adc.o
 .text.LL_ADC_SetDataRightShift
                0x08003c70       0x32 ./Drivers/STM32H7xx_HAL_Driver/Src/stm32h7xx_hal_adc.o
 *fill*         0x08003ca2        0x2 
 .text.LL_ADC_SetOffsetSignedSaturation
                0x08003ca4       0x44 ./Drivers/STM32H7xx_HAL_Driver/Src/stm32h7xx_hal_adc.o
 .text.LL_ADC_SetOffsetSaturation
                0x08003ce8       0x44 ./Drivers/STM32H7xx_HAL_Driver/Src/stm32h7xx_hal_adc.o
 .text.LL_ADC_SetOffsetSign
                0x08003d2c       0x44 ./Drivers/STM32H7xx_HAL_Driver/Src/stm32h7xx_hal_adc.o
 .text.LL_ADC_SetOffsetState
                0x08003d70       0x54 ./Drivers/STM32H7xx_HAL_Driver/Src/stm32h7xx_hal_adc.o
 .text.LL_ADC_REG_SetSequencerRanks
                0x08003dc4       0x58 ./Drivers/STM32H7xx_HAL_Driver/Src/stm32h7xx_hal_adc.o
 .text.LL_ADC_SetChannelSamplingTime
                0x08003e1c       0x56 ./Drivers/STM32H7xx_HAL_Driver/Src/stm32h7xx_hal_adc.o
 *fill*         0x08003e72        0x2 
 .text.LL_ADC_SetChannelSingleDiff
                0x08003e74       0x80 ./Drivers/STM32H7xx_HAL_Driver/Src/stm32h7xx_hal_adc.o
 .text.LL_ADC_DisableDeepPowerDown
                0x08003ef4       0x24 ./Drivers/STM32H7xx_HAL_Driver/Src/stm32h7xx_hal_adc.o
 .text.LL_ADC_IsDeepPowerDownEnabled
                0x08003f18       0x28 ./Drivers/STM32H7xx_HAL_Driver/Src/stm32h7xx_hal_adc.o
 .text.LL_ADC_EnableInternalRegulator
                0x08003f40       0x28 ./Drivers/STM32H7xx_HAL_Driver/Src/stm32h7xx_hal_adc.o
 .text.LL_ADC_IsInternalRegulatorEnabled
                0x08003f68       0x28 ./Drivers/STM32H7xx_HAL_Driver/Src/stm32h7xx_hal_adc.o
 .text.LL_ADC_IsEnabled
                0x08003f90       0x26 ./Drivers/STM32H7xx_HAL_Driver/Src/stm32h7xx_hal_adc.o
 .text.LL_ADC_REG_IsConversionOngoing
                0x08003fb6       0x26 ./Drivers/STM32H7xx_HAL_Driver/Src/stm32h7xx_hal_adc.o
 .text.LL_ADC_INJ_IsConversionOngoing
                0x08003fdc       0x26 ./Drivers/STM32H7xx_HAL_Driver/Src/stm32h7xx_hal_adc.o
 *fill*         0x08004002        0x2 
 .text.HAL_ADC_Init
                0x08004004      0x410 ./Drivers/STM32H7xx_HAL_Driver/Src/stm32h7xx_hal_adc.o
                0x08004004                HAL_ADC_Init
 .text.HAL_ADC_ConfigChannel
                0x08004414      0xa58 ./Drivers/STM32H7xx_HAL_Driver/Src/stm32h7xx_hal_adc.o
                0x08004414                HAL_ADC_ConfigChannel
 .text.ADC_ConfigureBoostMode
                0x08004e6c      0x1d8 ./Drivers/STM32H7xx_HAL_Driver/Src/stm32h7xx_hal_adc.o
                0x08004e6c                ADC_ConfigureBoostMode
 .text.LL_ADC_IsEnabled
                0x08005044       0x26 ./Drivers/STM32H7xx_HAL_Driver/Src/stm32h7xx_hal_adc_ex.o
 .text.LL_ADC_REG_IsConversionOngoing
                0x0800506a       0x26 ./Drivers/STM32H7xx_HAL_Driver/Src/stm32h7xx_hal_adc_ex.o
 .text.HAL_ADCEx_MultiModeConfigChannel
                0x08005090      0x1c4 ./Drivers/STM32H7xx_HAL_Driver/Src/stm32h7xx_hal_adc_ex.o
                0x08005090                HAL_ADCEx_MultiModeConfigChannel
 .text.__NVIC_SetPriorityGrouping
                0x08005254       0x48 ./Drivers/STM32H7xx_HAL_Driver/Src/stm32h7xx_hal_cortex.o
 .text.__NVIC_GetPriorityGrouping
                0x0800529c       0x1c ./Drivers/STM32H7xx_HAL_Driver/Src/stm32h7xx_hal_cortex.o
 .text.__NVIC_EnableIRQ
                0x080052b8       0x3c ./Drivers/STM32H7xx_HAL_Driver/Src/stm32h7xx_hal_cortex.o
 .text.__NVIC_SetPriority
                0x080052f4       0x54 ./Drivers/STM32H7xx_HAL_Driver/Src/stm32h7xx_hal_cortex.o
 .text.NVIC_EncodePriority
                0x08005348       0x66 ./Drivers/STM32H7xx_HAL_Driver/Src/stm32h7xx_hal_cortex.o
 *fill*         0x080053ae        0x2 
 .text.SysTick_Config
                0x080053b0       0x44 ./Drivers/STM32H7xx_HAL_Driver/Src/stm32h7xx_hal_cortex.o
 .text.HAL_NVIC_SetPriorityGrouping
                0x080053f4       0x16 ./Drivers/STM32H7xx_HAL_Driver/Src/stm32h7xx_hal_cortex.o
                0x080053f4                HAL_NVIC_SetPriorityGrouping
 .text.HAL_NVIC_SetPriority
                0x0800540a       0x34 ./Drivers/STM32H7xx_HAL_Driver/Src/stm32h7xx_hal_cortex.o
                0x0800540a                HAL_NVIC_SetPriority
 .text.HAL_NVIC_EnableIRQ
                0x0800543e       0x1c ./Drivers/STM32H7xx_HAL_Driver/Src/stm32h7xx_hal_cortex.o
                0x0800543e                HAL_NVIC_EnableIRQ
 .text.HAL_SYSTICK_Config
                0x0800545a       0x18 ./Drivers/STM32H7xx_HAL_Driver/Src/stm32h7xx_hal_cortex.o
                0x0800545a                HAL_SYSTICK_Config
 *fill*         0x08005472        0x2 
 .text.HAL_DMA_Init
                0x08005474      0x6b0 ./Drivers/STM32H7xx_HAL_Driver/Src/stm32h7xx_hal_dma.o
                0x08005474                HAL_DMA_Init
 .text.HAL_DMA_Start_IT
                0x08005b24      0x4d4 ./Drivers/STM32H7xx_HAL_Driver/Src/stm32h7xx_hal_dma.o
                0x08005b24                HAL_DMA_Start_IT
 .text.HAL_DMA_Abort
                0x08005ff8      0x63c ./Drivers/STM32H7xx_HAL_Driver/Src/stm32h7xx_hal_dma.o
                0x08005ff8                HAL_DMA_Abort
 .text.HAL_DMA_Abort_IT
                0x08006634      0x48c ./Drivers/STM32H7xx_HAL_Driver/Src/stm32h7xx_hal_dma.o
                0x08006634                HAL_DMA_Abort_IT
 .text.HAL_DMA_IRQHandler
                0x08006ac0      0xe54 ./Drivers/STM32H7xx_HAL_Driver/Src/stm32h7xx_hal_dma.o
                0x08006ac0                HAL_DMA_IRQHandler
 .text.HAL_DMA_GetError
                0x08007914       0x18 ./Drivers/STM32H7xx_HAL_Driver/Src/stm32h7xx_hal_dma.o
                0x08007914                HAL_DMA_GetError
 .text.DMA_SetConfig
                0x0800792c      0x358 ./Drivers/STM32H7xx_HAL_Driver/Src/stm32h7xx_hal_dma.o
 .text.DMA_CalcBaseAndBitshift
                0x08007c84      0x164 ./Drivers/STM32H7xx_HAL_Driver/Src/stm32h7xx_hal_dma.o
 .text.DMA_CheckFifoParam
                0x08007de8       0xf8 ./Drivers/STM32H7xx_HAL_Driver/Src/stm32h7xx_hal_dma.o
 .text.DMA_CalcDMAMUXChannelBaseAndMask
                0x08007ee0      0x134 ./Drivers/STM32H7xx_HAL_Driver/Src/stm32h7xx_hal_dma.o
 .text.DMA_CalcDMAMUXRequestGenBaseAndMask
                0x08008014       0xe8 ./Drivers/STM32H7xx_HAL_Driver/Src/stm32h7xx_hal_dma.o
 .text.HAL_ETH_Init
                0x080080fc      0x1b8 ./Drivers/STM32H7xx_HAL_Driver/Src/stm32h7xx_hal_eth.o
                0x080080fc                HAL_ETH_Init
 .text.ETH_SetMACConfig
                0x080082b4      0x238 ./Drivers/STM32H7xx_HAL_Driver/Src/stm32h7xx_hal_eth.o
 .text.ETH_SetDMAConfig
                0x080084ec      0x10c ./Drivers/STM32H7xx_HAL_Driver/Src/stm32h7xx_hal_eth.o
 .text.ETH_MACDMAConfig
                0x080085f8      0x13a ./Drivers/STM32H7xx_HAL_Driver/Src/stm32h7xx_hal_eth.o
 *fill*         0x08008732        0x2 
 .text.ETH_MAC_MDIO_ClkConfig
                0x08008734       0xb0 ./Drivers/STM32H7xx_HAL_Driver/Src/stm32h7xx_hal_eth.o
 .text.ETH_DMATxDescListInit
                0x080087e4       0x92 ./Drivers/STM32H7xx_HAL_Driver/Src/stm32h7xx_hal_eth.o
 .text.ETH_DMARxDescListInit
                0x08008876       0xbc ./Drivers/STM32H7xx_HAL_Driver/Src/stm32h7xx_hal_eth.o
 *fill*         0x08008932        0x2 
 .text.HAL_GPIO_Init
                0x08008934      0x350 ./Drivers/STM32H7xx_HAL_Driver/Src/stm32h7xx_hal_gpio.o
                0x08008934                HAL_GPIO_Init
 .text.HAL_GPIO_WritePin
                0x08008c84       0x32 ./Drivers/STM32H7xx_HAL_Driver/Src/stm32h7xx_hal_gpio.o
                0x08008c84                HAL_GPIO_WritePin
 *fill*         0x08008cb6        0x2 
 .text.HAL_I2C_Init
                0x08008cb8      0x120 ./Drivers/STM32H7xx_HAL_Driver/Src/stm32h7xx_hal_i2c.o
                0x08008cb8                HAL_I2C_Init
 .text.HAL_I2CEx_ConfigAnalogFilter
                0x08008dd8       0x96 ./Drivers/STM32H7xx_HAL_Driver/Src/stm32h7xx_hal_i2c_ex.o
                0x08008dd8                HAL_I2CEx_ConfigAnalogFilter
 .text.HAL_I2CEx_ConfigDigitalFilter
                0x08008e6e       0x98 ./Drivers/STM32H7xx_HAL_Driver/Src/stm32h7xx_hal_i2c_ex.o
                0x08008e6e                HAL_I2CEx_ConfigDigitalFilter
 *fill*         0x08008f06        0x2 
 .text.HAL_PWREx_ConfigSupply
                0x08008f08       0x74 ./Drivers/STM32H7xx_HAL_Driver/Src/stm32h7xx_hal_pwr_ex.o
                0x08008f08                HAL_PWREx_ConfigSupply
 .text.HAL_RCC_OscConfig
                0x08008f7c      0x75c ./Drivers/STM32H7xx_HAL_Driver/Src/stm32h7xx_hal_rcc.o
                0x08008f7c                HAL_RCC_OscConfig
 .text.HAL_RCC_ClockConfig
                0x080096d8      0x36c ./Drivers/STM32H7xx_HAL_Driver/Src/stm32h7xx_hal_rcc.o
                0x080096d8                HAL_RCC_ClockConfig
 .text.HAL_RCC_GetSysClockFreq
                0x08009a44      0x2f4 ./Drivers/STM32H7xx_HAL_Driver/Src/stm32h7xx_hal_rcc.o
                0x08009a44                HAL_RCC_GetSysClockFreq
 .text.HAL_RCC_GetHCLKFreq
                0x08009d38       0x60 ./Drivers/STM32H7xx_HAL_Driver/Src/stm32h7xx_hal_rcc.o
                0x08009d38                HAL_RCC_GetHCLKFreq
 .text.HAL_RCC_GetPCLK1Freq
                0x08009d98       0x2c ./Drivers/STM32H7xx_HAL_Driver/Src/stm32h7xx_hal_rcc.o
                0x08009d98                HAL_RCC_GetPCLK1Freq
 .text.HAL_RCC_GetPCLK2Freq
                0x08009dc4       0x2c ./Drivers/STM32H7xx_HAL_Driver/Src/stm32h7xx_hal_rcc.o
                0x08009dc4                HAL_RCC_GetPCLK2Freq
 .text.HAL_RCCEx_PeriphCLKConfig
                0x08009df0      0xdf4 ./Drivers/STM32H7xx_HAL_Driver/Src/stm32h7xx_hal_rcc_ex.o
                0x08009df0                HAL_RCCEx_PeriphCLKConfig
 .text.HAL_RCCEx_GetPeriphCLKFreq
                0x0800abe4      0x84c ./Drivers/STM32H7xx_HAL_Driver/Src/stm32h7xx_hal_rcc_ex.o
                0x0800abe4                HAL_RCCEx_GetPeriphCLKFreq
 .text.HAL_RCCEx_GetD3PCLK1Freq
                0x0800b430       0x2c ./Drivers/STM32H7xx_HAL_Driver/Src/stm32h7xx_hal_rcc_ex.o
                0x0800b430                HAL_RCCEx_GetD3PCLK1Freq
 .text.HAL_RCCEx_GetPLL2ClockFreq
                0x0800b45c      0x2a8 ./Drivers/STM32H7xx_HAL_Driver/Src/stm32h7xx_hal_rcc_ex.o
                0x0800b45c                HAL_RCCEx_GetPLL2ClockFreq
 .text.HAL_RCCEx_GetPLL3ClockFreq
                0x0800b704      0x2a8 ./Drivers/STM32H7xx_HAL_Driver/Src/stm32h7xx_hal_rcc_ex.o
                0x0800b704                HAL_RCCEx_GetPLL3ClockFreq
 .text.HAL_RCCEx_GetPLL1ClockFreq
                0x0800b9ac      0x2a4 ./Drivers/STM32H7xx_HAL_Driver/Src/stm32h7xx_hal_rcc_ex.o
                0x0800b9ac                HAL_RCCEx_GetPLL1ClockFreq
 .text.RCCEx_PLL2_Config
                0x0800bc50      0x164 ./Drivers/STM32H7xx_HAL_Driver/Src/stm32h7xx_hal_rcc_ex.o
 .text.RCCEx_PLL3_Config
                0x0800bdb4      0x164 ./Drivers/STM32H7xx_HAL_Driver/Src/stm32h7xx_hal_rcc_ex.o
 .text.HAL_SDRAM_Init
                0x0800bf18       0x78 ./Drivers/STM32H7xx_HAL_Driver/Src/stm32h7xx_hal_sdram.o
                0x0800bf18                HAL_SDRAM_Init
 .text.HAL_SPI_Init
                0x0800bf90      0x20c ./Drivers/STM32H7xx_HAL_Driver/Src/stm32h7xx_hal_spi.o
                0x0800bf90                HAL_SPI_Init
 .text.HAL_SPI_Transmit
                0x0800c19c      0x3e4 ./Drivers/STM32H7xx_HAL_Driver/Src/stm32h7xx_hal_spi.o
                0x0800c19c                HAL_SPI_Transmit
 .text.HAL_SPI_Receive
                0x0800c580      0x3e4 ./Drivers/STM32H7xx_HAL_Driver/Src/stm32h7xx_hal_spi.o
                0x0800c580                HAL_SPI_Receive
 .text.HAL_SPI_TransmitReceive
                0x0800c964      0x5d8 ./Drivers/STM32H7xx_HAL_Driver/Src/stm32h7xx_hal_spi.o
                0x0800c964                HAL_SPI_TransmitReceive
 .text.HAL_SPI_TransmitReceive_DMA
                0x0800cf3c      0x3ac ./Drivers/STM32H7xx_HAL_Driver/Src/stm32h7xx_hal_spi.o
                0x0800cf3c                HAL_SPI_TransmitReceive_DMA
 .text.HAL_SPI_IRQHandler
                0x0800d2e8      0x3c0 ./Drivers/STM32H7xx_HAL_Driver/Src/stm32h7xx_hal_spi.o
                0x0800d2e8                HAL_SPI_IRQHandler
 .text.HAL_SPI_TxCpltCallback
                0x0800d6a8       0x14 ./Drivers/STM32H7xx_HAL_Driver/Src/stm32h7xx_hal_spi.o
                0x0800d6a8                HAL_SPI_TxCpltCallback
 .text.HAL_SPI_RxCpltCallback
                0x0800d6bc       0x14 ./Drivers/STM32H7xx_HAL_Driver/Src/stm32h7xx_hal_spi.o
                0x0800d6bc                HAL_SPI_RxCpltCallback
 .text.HAL_SPI_TxRxCpltCallback
                0x0800d6d0       0x14 ./Drivers/STM32H7xx_HAL_Driver/Src/stm32h7xx_hal_spi.o
                0x0800d6d0                HAL_SPI_TxRxCpltCallback
 .text.HAL_SPI_RxHalfCpltCallback
                0x0800d6e4       0x14 ./Drivers/STM32H7xx_HAL_Driver/Src/stm32h7xx_hal_spi.o
                0x0800d6e4                HAL_SPI_RxHalfCpltCallback
 .text.HAL_SPI_TxRxHalfCpltCallback
                0x0800d6f8       0x14 ./Drivers/STM32H7xx_HAL_Driver/Src/stm32h7xx_hal_spi.o
                0x0800d6f8                HAL_SPI_TxRxHalfCpltCallback
 .text.HAL_SPI_ErrorCallback
                0x0800d70c       0x14 ./Drivers/STM32H7xx_HAL_Driver/Src/stm32h7xx_hal_spi.o
                0x0800d70c                HAL_SPI_ErrorCallback
 .text.SPI_DMAReceiveCplt
                0x0800d720       0x46 ./Drivers/STM32H7xx_HAL_Driver/Src/stm32h7xx_hal_spi.o
 .text.SPI_DMATransmitReceiveCplt
                0x0800d766       0x46 ./Drivers/STM32H7xx_HAL_Driver/Src/stm32h7xx_hal_spi.o
 .text.SPI_DMAHalfReceiveCplt
                0x0800d7ac       0x1c ./Drivers/STM32H7xx_HAL_Driver/Src/stm32h7xx_hal_spi.o
 .text.SPI_DMAHalfTransmitReceiveCplt
                0x0800d7c8       0x1c ./Drivers/STM32H7xx_HAL_Driver/Src/stm32h7xx_hal_spi.o
 .text.SPI_DMAError
                0x0800d7e4       0x46 ./Drivers/STM32H7xx_HAL_Driver/Src/stm32h7xx_hal_spi.o
 .text.SPI_DMAAbortOnError
                0x0800d82a       0x34 ./Drivers/STM32H7xx_HAL_Driver/Src/stm32h7xx_hal_spi.o
 *fill*         0x0800d85e        0x2 
 .text.SPI_CloseTransfer
                0x0800d860      0x140 ./Drivers/STM32H7xx_HAL_Driver/Src/stm32h7xx_hal_spi.o
 .text.SPI_WaitOnFlagUntilTimeout
                0x0800d9a0       0x5c ./Drivers/STM32H7xx_HAL_Driver/Src/stm32h7xx_hal_spi.o
 .text.SPI_GetPacketSize
                0x0800d9fc       0x36 ./Drivers/STM32H7xx_HAL_Driver/Src/stm32h7xx_hal_spi.o
 .text.HAL_TIM_Base_Init
                0x0800da32       0xae ./Drivers/STM32H7xx_HAL_Driver/Src/stm32h7xx_hal_tim.o
                0x0800da32                HAL_TIM_Base_Init
 .text.HAL_TIM_PWM_Init
                0x0800dae0       0xae ./Drivers/STM32H7xx_HAL_Driver/Src/stm32h7xx_hal_tim.o
                0x0800dae0                HAL_TIM_PWM_Init
 .text.HAL_TIM_PWM_MspInit
                0x0800db8e       0x14 ./Drivers/STM32H7xx_HAL_Driver/Src/stm32h7xx_hal_tim.o
                0x0800db8e                HAL_TIM_PWM_MspInit
 *fill*         0x0800dba2        0x2 
 .text.HAL_TIM_PWM_ConfigChannel
                0x0800dba4      0x228 ./Drivers/STM32H7xx_HAL_Driver/Src/stm32h7xx_hal_tim.o
                0x0800dba4                HAL_TIM_PWM_ConfigChannel
 .text.HAL_TIM_ConfigClockSource
                0x0800ddcc      0x1f0 ./Drivers/STM32H7xx_HAL_Driver/Src/stm32h7xx_hal_tim.o
                0x0800ddcc                HAL_TIM_ConfigClockSource
 .text.TIM_Base_SetConfig
                0x0800dfbc      0x14c ./Drivers/STM32H7xx_HAL_Driver/Src/stm32h7xx_hal_tim.o
                0x0800dfbc                TIM_Base_SetConfig
 .text.TIM_OC1_SetConfig
                0x0800e108      0x120 ./Drivers/STM32H7xx_HAL_Driver/Src/stm32h7xx_hal_tim.o
 .text.TIM_OC2_SetConfig
                0x0800e228      0x114 ./Drivers/STM32H7xx_HAL_Driver/Src/stm32h7xx_hal_tim.o
                0x0800e228                TIM_OC2_SetConfig
 .text.TIM_OC3_SetConfig
                0x0800e33c      0x110 ./Drivers/STM32H7xx_HAL_Driver/Src/stm32h7xx_hal_tim.o
 .text.TIM_OC4_SetConfig
                0x0800e44c       0xd4 ./Drivers/STM32H7xx_HAL_Driver/Src/stm32h7xx_hal_tim.o
 .text.TIM_OC5_SetConfig
                0x0800e520       0xc8 ./Drivers/STM32H7xx_HAL_Driver/Src/stm32h7xx_hal_tim.o
 .text.TIM_OC6_SetConfig
                0x0800e5e8       0xcc ./Drivers/STM32H7xx_HAL_Driver/Src/stm32h7xx_hal_tim.o
 .text.TIM_TI1_ConfigInputStage
                0x0800e6b4       0x5e ./Drivers/STM32H7xx_HAL_Driver/Src/stm32h7xx_hal_tim.o
 .text.TIM_TI2_ConfigInputStage
                0x0800e712       0x60 ./Drivers/STM32H7xx_HAL_Driver/Src/stm32h7xx_hal_tim.o
 *fill*         0x0800e772        0x2 
 .text.TIM_ITRx_SetConfig
                0x0800e774       0x3c ./Drivers/STM32H7xx_HAL_Driver/Src/stm32h7xx_hal_tim.o
 .text.TIM_ETR_SetConfig
                0x0800e7b0       0x40 ./Drivers/STM32H7xx_HAL_Driver/Src/stm32h7xx_hal_tim.o
                0x0800e7b0                TIM_ETR_SetConfig
 .text.HAL_TIMEx_MasterConfigSynchronization
                0x0800e7f0      0x138 ./Drivers/STM32H7xx_HAL_Driver/Src/stm32h7xx_hal_tim_ex.o
                0x0800e7f0                HAL_TIMEx_MasterConfigSynchronization
 .text.HAL_UART_Init
                0x0800e928       0xa0 ./Drivers/STM32H7xx_HAL_Driver/Src/stm32h7xx_hal_uart.o
                0x0800e928                HAL_UART_Init
 .text.HAL_UART_Transmit
                0x0800e9c8      0x12c ./Drivers/STM32H7xx_HAL_Driver/Src/stm32h7xx_hal_uart.o
                0x0800e9c8                HAL_UART_Transmit
 .text.HAL_UART_IRQHandler
                0x0800eaf4      0x73c ./Drivers/STM32H7xx_HAL_Driver/Src/stm32h7xx_hal_uart.o
                0x0800eaf4                HAL_UART_IRQHandler
 .text.HAL_UART_TxCpltCallback
                0x0800f230       0x14 ./Drivers/STM32H7xx_HAL_Driver/Src/stm32h7xx_hal_uart.o
                0x0800f230                HAL_UART_TxCpltCallback
 .text.HAL_UART_ErrorCallback
                0x0800f244       0x14 ./Drivers/STM32H7xx_HAL_Driver/Src/stm32h7xx_hal_uart.o
                0x0800f244                HAL_UART_ErrorCallback
 .text.HAL_UARTEx_RxEventCallback
                0x0800f258       0x18 ./Drivers/STM32H7xx_HAL_Driver/Src/stm32h7xx_hal_uart.o
                0x0800f258                HAL_UARTEx_RxEventCallback
 .text.UART_SetConfig
                0x0800f270      0xcd8 ./Drivers/STM32H7xx_HAL_Driver/Src/stm32h7xx_hal_uart.o
                0x0800f270                UART_SetConfig
 .text.UART_AdvFeatureConfig
                0x0800ff48      0x144 ./Drivers/STM32H7xx_HAL_Driver/Src/stm32h7xx_hal_uart.o
                0x0800ff48                UART_AdvFeatureConfig
 .text.UART_CheckIdleState
                0x0801008c       0x96 ./Drivers/STM32H7xx_HAL_Driver/Src/stm32h7xx_hal_uart.o
                0x0801008c                UART_CheckIdleState
 .text.UART_WaitOnFlagUntilTimeout
                0x08010122      0x190 ./Drivers/STM32H7xx_HAL_Driver/Src/stm32h7xx_hal_uart.o
                0x08010122                UART_WaitOnFlagUntilTimeout
 *fill*         0x080102b2        0x2 
 .text.UART_EndRxTransfer
                0x080102b4       0xcc ./Drivers/STM32H7xx_HAL_Driver/Src/stm32h7xx_hal_uart.o
 .text.UART_DMAAbortOnError
                0x08010380       0x2c ./Drivers/STM32H7xx_HAL_Driver/Src/stm32h7xx_hal_uart.o
 .text.UART_EndTransmit_IT
                0x080103ac       0x56 ./Drivers/STM32H7xx_HAL_Driver/Src/stm32h7xx_hal_uart.o
 .text.HAL_UARTEx_WakeupCallback
                0x08010402       0x14 ./Drivers/STM32H7xx_HAL_Driver/Src/stm32h7xx_hal_uart_ex.o
                0x08010402                HAL_UARTEx_WakeupCallback
 .text.HAL_UARTEx_RxFifoFullCallback
                0x08010416       0x14 ./Drivers/STM32H7xx_HAL_Driver/Src/stm32h7xx_hal_uart_ex.o
                0x08010416                HAL_UARTEx_RxFifoFullCallback
 .text.HAL_UARTEx_TxFifoEmptyCallback
                0x0801042a       0x14 ./Drivers/STM32H7xx_HAL_Driver/Src/stm32h7xx_hal_uart_ex.o
                0x0801042a                HAL_UARTEx_TxFifoEmptyCallback
 .text.HAL_UARTEx_DisableFifoMode
                0x0801043e       0x72 ./Drivers/STM32H7xx_HAL_Driver/Src/stm32h7xx_hal_uart_ex.o
                0x0801043e                HAL_UARTEx_DisableFifoMode
 .text.HAL_UARTEx_SetTxFifoThreshold
                0x080104b0       0x7c ./Drivers/STM32H7xx_HAL_Driver/Src/stm32h7xx_hal_uart_ex.o
                0x080104b0                HAL_UARTEx_SetTxFifoThreshold
 .text.HAL_UARTEx_SetRxFifoThreshold
                0x0801052c       0x7c ./Drivers/STM32H7xx_HAL_Driver/Src/stm32h7xx_hal_uart_ex.o
                0x0801052c                HAL_UARTEx_SetRxFifoThreshold
 .text.UARTEx_SetNbDataToProcess
                0x080105a8       0x9c ./Drivers/STM32H7xx_HAL_Driver/Src/stm32h7xx_hal_uart_ex.o
 .text.FMC_SDRAM_Init
                0x08010644       0xb8 ./Drivers/STM32H7xx_HAL_Driver/Src/stm32h7xx_ll_fmc.o
                0x08010644                FMC_SDRAM_Init
 .text.FMC_SDRAM_Timing_Init
                0x080106fc       0xd4 ./Drivers/STM32H7xx_HAL_Driver/Src/stm32h7xx_ll_fmc.o
                0x080106fc                FMC_SDRAM_Timing_Init
 .text._vsnprintf_r
                0x080107d0       0x56 C:/ST/STM32CubeIDE_1.15.1/STM32CubeIDE/plugins/com.st.stm32cube.ide.mcu.externaltools.gnu-tools-for-stm32.12.3.rel1.win32_1.0.100.202403111256/tools/bin/../lib/gcc/arm-none-eabi/12.3.1/../../../../arm-none-eabi/lib/thumb/v7e-m+dp/hard\libc_nano.a(libc_a-vsnprintf.o)
                0x080107d0                _vsniprintf_r
                0x080107d0                _vsnprintf_r
 *fill*         0x08010826        0x2 
 .text.vsnprintf
                0x08010828       0x1c C:/ST/STM32CubeIDE_1.15.1/STM32CubeIDE/plugins/com.st.stm32cube.ide.mcu.externaltools.gnu-tools-for-stm32.12.3.rel1.win32_1.0.100.202403111256/tools/bin/../lib/gcc/arm-none-eabi/12.3.1/../../../../arm-none-eabi/lib/thumb/v7e-m+dp/hard\libc_nano.a(libc_a-vsnprintf.o)
                0x08010828                vsniprintf
                0x08010828                vsnprintf
 .text.memset   0x08010844       0x10 C:/ST/STM32CubeIDE_1.15.1/STM32CubeIDE/plugins/com.st.stm32cube.ide.mcu.externaltools.gnu-tools-for-stm32.12.3.rel1.win32_1.0.100.202403111256/tools/bin/../lib/gcc/arm-none-eabi/12.3.1/../../../../arm-none-eabi/lib/thumb/v7e-m+dp/hard\libc_nano.a(libc_a-memset.o)
                0x08010844                memset
 .text.__errno  0x08010854        0xc C:/ST/STM32CubeIDE_1.15.1/STM32CubeIDE/plugins/com.st.stm32cube.ide.mcu.externaltools.gnu-tools-for-stm32.12.3.rel1.win32_1.0.100.202403111256/tools/bin/../lib/gcc/arm-none-eabi/12.3.1/../../../../arm-none-eabi/lib/thumb/v7e-m+dp/hard\libc_nano.a(libc_a-errno.o)
                0x08010854                __errno
 .text.__libc_init_array
                0x08010860       0x48 C:/ST/STM32CubeIDE_1.15.1/STM32CubeIDE/plugins/com.st.stm32cube.ide.mcu.externaltools.gnu-tools-for-stm32.12.3.rel1.win32_1.0.100.202403111256/tools/bin/../lib/gcc/arm-none-eabi/12.3.1/../../../../arm-none-eabi/lib/thumb/v7e-m+dp/hard\libc_nano.a(libc_a-init.o)
                0x08010860                __libc_init_array
 .text.__retarget_lock_acquire_recursive
                0x080108a8        0x2 C:/ST/STM32CubeIDE_1.15.1/STM32CubeIDE/plugins/com.st.stm32cube.ide.mcu.externaltools.gnu-tools-for-stm32.12.3.rel1.win32_1.0.100.202403111256/tools/bin/../lib/gcc/arm-none-eabi/12.3.1/../../../../arm-none-eabi/lib/thumb/v7e-m+dp/hard\libc_nano.a(libc_a-lock.o)
                0x080108a8                __retarget_lock_acquire_recursive
 .text.__retarget_lock_release_recursive
                0x080108aa        0x2 C:/ST/STM32CubeIDE_1.15.1/STM32CubeIDE/plugins/com.st.stm32cube.ide.mcu.externaltools.gnu-tools-for-stm32.12.3.rel1.win32_1.0.100.202403111256/tools/bin/../lib/gcc/arm-none-eabi/12.3.1/../../../../arm-none-eabi/lib/thumb/v7e-m+dp/hard\libc_nano.a(libc_a-lock.o)
                0x080108aa                __retarget_lock_release_recursive
 .text.memcpy   0x080108ac       0x1c C:/ST/STM32CubeIDE_1.15.1/STM32CubeIDE/plugins/com.st.stm32cube.ide.mcu.externaltools.gnu-tools-for-stm32.12.3.rel1.win32_1.0.100.202403111256/tools/bin/../lib/gcc/arm-none-eabi/12.3.1/../../../../arm-none-eabi/lib/thumb/v7e-m+dp/hard\libc_nano.a(libc_a-memcpy-stub.o)
                0x080108ac                memcpy
 .text._free_r  0x080108c8       0x94 C:/ST/STM32CubeIDE_1.15.1/STM32CubeIDE/plugins/com.st.stm32cube.ide.mcu.externaltools.gnu-tools-for-stm32.12.3.rel1.win32_1.0.100.202403111256/tools/bin/../lib/gcc/arm-none-eabi/12.3.1/../../../../arm-none-eabi/lib/thumb/v7e-m+dp/hard\libc_nano.a(libc_a-freer.o)
                0x080108c8                _free_r
 .text.sbrk_aligned
                0x0801095c       0x44 C:/ST/STM32CubeIDE_1.15.1/STM32CubeIDE/plugins/com.st.stm32cube.ide.mcu.externaltools.gnu-tools-for-stm32.12.3.rel1.win32_1.0.100.202403111256/tools/bin/../lib/gcc/arm-none-eabi/12.3.1/../../../../arm-none-eabi/lib/thumb/v7e-m+dp/hard\libc_nano.a(libc_a-mallocr.o)
 .text._malloc_r
                0x080109a0      0x100 C:/ST/STM32CubeIDE_1.15.1/STM32CubeIDE/plugins/com.st.stm32cube.ide.mcu.externaltools.gnu-tools-for-stm32.12.3.rel1.win32_1.0.100.202403111256/tools/bin/../lib/gcc/arm-none-eabi/12.3.1/../../../../arm-none-eabi/lib/thumb/v7e-m+dp/hard\libc_nano.a(libc_a-mallocr.o)
                0x080109a0                _malloc_r
 .text.__malloc_lock
                0x08010aa0        0xc C:/ST/STM32CubeIDE_1.15.1/STM32CubeIDE/plugins/com.st.stm32cube.ide.mcu.externaltools.gnu-tools-for-stm32.12.3.rel1.win32_1.0.100.202403111256/tools/bin/../lib/gcc/arm-none-eabi/12.3.1/../../../../arm-none-eabi/lib/thumb/v7e-m+dp/hard\libc_nano.a(libc_a-mlock.o)
                0x08010aa0                __malloc_lock
 .text.__malloc_unlock
                0x08010aac        0xc C:/ST/STM32CubeIDE_1.15.1/STM32CubeIDE/plugins/com.st.stm32cube.ide.mcu.externaltools.gnu-tools-for-stm32.12.3.rel1.win32_1.0.100.202403111256/tools/bin/../lib/gcc/arm-none-eabi/12.3.1/../../../../arm-none-eabi/lib/thumb/v7e-m+dp/hard\libc_nano.a(libc_a-mlock.o)
                0x08010aac                __malloc_unlock
 .text.__ssputs_r
                0x08010ab8       0xb6 C:/ST/STM32CubeIDE_1.15.1/STM32CubeIDE/plugins/com.st.stm32cube.ide.mcu.externaltools.gnu-tools-for-stm32.12.3.rel1.win32_1.0.100.202403111256/tools/bin/../lib/gcc/arm-none-eabi/12.3.1/../../../../arm-none-eabi/lib/thumb/v7e-m+dp/hard\libc_nano.a(libc_a-nano-svfprintf.o)
                0x08010ab8                __ssputs_r
 *fill*         0x08010b6e        0x2 
 .text._svfprintf_r
                0x08010b70      0x1f8 C:/ST/STM32CubeIDE_1.15.1/STM32CubeIDE/plugins/com.st.stm32cube.ide.mcu.externaltools.gnu-tools-for-stm32.12.3.rel1.win32_1.0.100.202403111256/tools/bin/../lib/gcc/arm-none-eabi/12.3.1/../../../../arm-none-eabi/lib/thumb/v7e-m+dp/hard\libc_nano.a(libc_a-nano-svfprintf.o)
                0x08010b70                _svfiprintf_r
                0x08010b70                _svfprintf_r
 .text._printf_common
                0x08010d68       0xda C:/ST/STM32CubeIDE_1.15.1/STM32CubeIDE/plugins/com.st.stm32cube.ide.mcu.externaltools.gnu-tools-for-stm32.12.3.rel1.win32_1.0.100.202403111256/tools/bin/../lib/gcc/arm-none-eabi/12.3.1/../../../../arm-none-eabi/lib/thumb/v7e-m+dp/hard\libc_nano.a(libc_a-nano-vfprintf_i.o)
                0x08010d68                _printf_common
 *fill*         0x08010e42        0x2 
 .text._printf_i
                0x08010e44      0x240 C:/ST/STM32CubeIDE_1.15.1/STM32CubeIDE/plugins/com.st.stm32cube.ide.mcu.externaltools.gnu-tools-for-stm32.12.3.rel1.win32_1.0.100.202403111256/tools/bin/../lib/gcc/arm-none-eabi/12.3.1/../../../../arm-none-eabi/lib/thumb/v7e-m+dp/hard\libc_nano.a(libc_a-nano-vfprintf_i.o)
                0x08010e44                _printf_i
 .text.memmove  0x08011084       0x34 C:/ST/STM32CubeIDE_1.15.1/STM32CubeIDE/plugins/com.st.stm32cube.ide.mcu.externaltools.gnu-tools-for-stm32.12.3.rel1.win32_1.0.100.202403111256/tools/bin/../lib/gcc/arm-none-eabi/12.3.1/../../../../arm-none-eabi/lib/thumb/v7e-m+dp/hard\libc_nano.a(libc_a-memmove.o)
                0x08011084                memmove
 .text._sbrk_r  0x080110b8       0x20 C:/ST/STM32CubeIDE_1.15.1/STM32CubeIDE/plugins/com.st.stm32cube.ide.mcu.externaltools.gnu-tools-for-stm32.12.3.rel1.win32_1.0.100.202403111256/tools/bin/../lib/gcc/arm-none-eabi/12.3.1/../../../../arm-none-eabi/lib/thumb/v7e-m+dp/hard\libc_nano.a(libc_a-sbrkr.o)
                0x080110b8                _sbrk_r
 .text._realloc_r
                0x080110d8       0x5c C:/ST/STM32CubeIDE_1.15.1/STM32CubeIDE/plugins/com.st.stm32cube.ide.mcu.externaltools.gnu-tools-for-stm32.12.3.rel1.win32_1.0.100.202403111256/tools/bin/../lib/gcc/arm-none-eabi/12.3.1/../../../../arm-none-eabi/lib/thumb/v7e-m+dp/hard\libc_nano.a(libc_a-reallocr.o)
                0x080110d8                _realloc_r
 .text._malloc_usable_size_r
                0x08011134       0x10 C:/ST/STM32CubeIDE_1.15.1/STM32CubeIDE/plugins/com.st.stm32cube.ide.mcu.externaltools.gnu-tools-for-stm32.12.3.rel1.win32_1.0.100.202403111256/tools/bin/../lib/gcc/arm-none-eabi/12.3.1/../../../../arm-none-eabi/lib/thumb/v7e-m+dp/hard\libc_nano.a(libc_a-msizer.o)
                0x08011134                _malloc_usable_size_r
 *(.glue_7)
 .glue_7        0x08011144        0x0 linker stubs
 *(.glue_7t)
 .glue_7t       0x08011144        0x0 linker stubs
 *(.eh_frame)
 .eh_frame      0x08011144        0x0 C:/ST/STM32CubeIDE_1.15.1/STM32CubeIDE/plugins/com.st.stm32cube.ide.mcu.externaltools.gnu-tools-for-stm32.12.3.rel1.win32_1.0.100.202403111256/tools/bin/../lib/gcc/arm-none-eabi/12.3.1/thumb/v7e-m+dp/hard/crtbegin.o
 *(.init)
 .init          0x08011144        0x4 C:/ST/STM32CubeIDE_1.15.1/STM32CubeIDE/plugins/com.st.stm32cube.ide.mcu.externaltools.gnu-tools-for-stm32.12.3.rel1.win32_1.0.100.202403111256/tools/bin/../lib/gcc/arm-none-eabi/12.3.1/thumb/v7e-m+dp/hard/crti.o
                0x08011144                _init
 .init          0x08011148        0x8 C:/ST/STM32CubeIDE_1.15.1/STM32CubeIDE/plugins/com.st.stm32cube.ide.mcu.externaltools.gnu-tools-for-stm32.12.3.rel1.win32_1.0.100.202403111256/tools/bin/../lib/gcc/arm-none-eabi/12.3.1/thumb/v7e-m+dp/hard/crtn.o
 *(.fini)
 .fini          0x08011150        0x4 C:/ST/STM32CubeIDE_1.15.1/STM32CubeIDE/plugins/com.st.stm32cube.ide.mcu.externaltools.gnu-tools-for-stm32.12.3.rel1.win32_1.0.100.202403111256/tools/bin/../lib/gcc/arm-none-eabi/12.3.1/thumb/v7e-m+dp/hard/crti.o
                0x08011150                _fini
 .fini          0x08011154        0x8 C:/ST/STM32CubeIDE_1.15.1/STM32CubeIDE/plugins/com.st.stm32cube.ide.mcu.externaltools.gnu-tools-for-stm32.12.3.rel1.win32_1.0.100.202403111256/tools/bin/../lib/gcc/arm-none-eabi/12.3.1/thumb/v7e-m+dp/hard/crtn.o
                0x0801115c                        . = ALIGN (0x4)
                0x0801115c                        _etext = .

.vfp11_veneer   0x0801115c        0x0
 .vfp11_veneer  0x0801115c        0x0 linker stubs

.v4_bx          0x0801115c        0x0
 .v4_bx         0x0801115c        0x0 linker stubs

.iplt           0x0801115c        0x0
 .iplt          0x0801115c        0x0 C:/ST/STM32CubeIDE_1.15.1/STM32CubeIDE/plugins/com.st.stm32cube.ide.mcu.externaltools.gnu-tools-for-stm32.12.3.rel1.win32_1.0.100.202403111256/tools/bin/../lib/gcc/arm-none-eabi/12.3.1/thumb/v7e-m+dp/hard/crtbegin.o

.rodata         0x0801115c      0x728
                0x0801115c                        . = ALIGN (0x4)
 *(.rodata)
 .rodata        0x0801115c        0xb ./Core/Src/W25Qxx.o
 *fill*         0x08011167        0x1 
 .rodata        0x08011168       0xa6 ./Core/Src/debug.o
 *fill*         0x0801120e        0x2 
 .rodata        0x08011210       0x4a ./Core/Src/ethernet.o
 *fill*         0x0801125a        0x2 
 .rodata        0x0801125c       0x26 ./Core/Src/ksz8863.o
 *fill*         0x08011282        0x2 
 .rodata        0x08011284      0x40e ./Core/Src/ksz8863_driver.o
 *fill*         0x08011692        0x2 
 .rodata        0x08011694       0xb8 ./Core/Src/main.o
 .rodata        0x0801174c       0xc3 ./Core/Src/nic.o
 *(.rodata*)
 *fill*         0x0801180f        0x1 
 .rodata.D1CorePrescTable
                0x08011810       0x10 ./Core/Src/system_stm32h7xx.o
                0x08011810                D1CorePrescTable
 .rodata.flagBitshiftOffset.0
                0x08011820        0x8 ./Drivers/STM32H7xx_HAL_Driver/Src/stm32h7xx_hal_dma.o
 .rodata.UARTPrescTable
                0x08011828       0x18 ./Drivers/STM32H7xx_HAL_Driver/Src/stm32h7xx_hal_uart.o
                0x08011828                UARTPrescTable
 .rodata.numerator.1
                0x08011840        0x8 ./Drivers/STM32H7xx_HAL_Driver/Src/stm32h7xx_hal_uart_ex.o
 .rodata.denominator.0
                0x08011848        0x8 ./Drivers/STM32H7xx_HAL_Driver/Src/stm32h7xx_hal_uart_ex.o
 .rodata._svfprintf_r.str1.1
                0x08011850       0x11 C:/ST/STM32CubeIDE_1.15.1/STM32CubeIDE/plugins/com.st.stm32cube.ide.mcu.externaltools.gnu-tools-for-stm32.12.3.rel1.win32_1.0.100.202403111256/tools/bin/../lib/gcc/arm-none-eabi/12.3.1/../../../../arm-none-eabi/lib/thumb/v7e-m+dp/hard\libc_nano.a(libc_a-nano-svfprintf.o)
 .rodata._printf_i.str1.1
                0x08011861       0x22 C:/ST/STM32CubeIDE_1.15.1/STM32CubeIDE/plugins/com.st.stm32cube.ide.mcu.externaltools.gnu-tools-for-stm32.12.3.rel1.win32_1.0.100.202403111256/tools/bin/../lib/gcc/arm-none-eabi/12.3.1/../../../../arm-none-eabi/lib/thumb/v7e-m+dp/hard\libc_nano.a(libc_a-nano-vfprintf_i.o)
                0x08011884                        . = ALIGN (0x4)
 *fill*         0x08011883        0x1 

.ARM.extab
 *(.ARM.extab* .gnu.linkonce.armextab.*)

.ARM            0x08011884        0x8
                0x08011884                        __exidx_start = .
 *(.ARM.exidx*)
 .ARM.exidx     0x08011884        0x8 C:/ST/STM32CubeIDE_1.15.1/STM32CubeIDE/plugins/com.st.stm32cube.ide.mcu.externaltools.gnu-tools-for-stm32.12.3.rel1.win32_1.0.100.202403111256/tools/bin/../lib/gcc/arm-none-eabi/12.3.1/../../../../arm-none-eabi/lib/thumb/v7e-m+dp/hard\libc_nano.a(libc_a-strlen.o)
 .ARM.exidx     0x0801188c        0x0 C:/ST/STM32CubeIDE_1.15.1/STM32CubeIDE/plugins/com.st.stm32cube.ide.mcu.externaltools.gnu-tools-for-stm32.12.3.rel1.win32_1.0.100.202403111256/tools/bin/../lib/gcc/arm-none-eabi/12.3.1/../../../../arm-none-eabi/lib/thumb/v7e-m+dp/hard\libc_nano.a(libc_a-memchr.o)
                                  0x8 (size before relaxing)
 .ARM.exidx     0x0801188c        0x0 C:/ST/STM32CubeIDE_1.15.1/STM32CubeIDE/plugins/com.st.stm32cube.ide.mcu.externaltools.gnu-tools-for-stm32.12.3.rel1.win32_1.0.100.202403111256/tools/bin/../lib/gcc/arm-none-eabi/12.3.1/thumb/v7e-m+dp/hard\libgcc.a(_udivmoddi4.o)
                                  0x8 (size before relaxing)
                0x0801188c                        __exidx_end = .

.rel.dyn        0x0801188c        0x0
 .rel.iplt      0x0801188c        0x0 C:/ST/STM32CubeIDE_1.15.1/STM32CubeIDE/plugins/com.st.stm32cube.ide.mcu.externaltools.gnu-tools-for-stm32.12.3.rel1.win32_1.0.100.202403111256/tools/bin/../lib/gcc/arm-none-eabi/12.3.1/thumb/v7e-m+dp/hard/crtbegin.o

.preinit_array  0x0801188c        0x0
                0x0801188c                        PROVIDE (__preinit_array_start = .)
 *(.preinit_array*)
                0x0801188c                        PROVIDE (__preinit_array_end = .)

.init_array     0x0801188c        0x4
                0x0801188c                        PROVIDE (__init_array_start = .)
 *(SORT_BY_NAME(.init_array.*))
 *(.init_array*)
 .init_array    0x0801188c        0x4 C:/ST/STM32CubeIDE_1.15.1/STM32CubeIDE/plugins/com.st.stm32cube.ide.mcu.externaltools.gnu-tools-for-stm32.12.3.rel1.win32_1.0.100.202403111256/tools/bin/../lib/gcc/arm-none-eabi/12.3.1/thumb/v7e-m+dp/hard/crtbegin.o
                0x08011890                        PROVIDE (__init_array_end = .)

.fini_array     0x08011890        0x4
                [!provide]                        PROVIDE (__fini_array_start = .)
 *(SORT_BY_NAME(.fini_array.*))
 *(.fini_array*)
 .fini_array    0x08011890        0x4 C:/ST/STM32CubeIDE_1.15.1/STM32CubeIDE/plugins/com.st.stm32cube.ide.mcu.externaltools.gnu-tools-for-stm32.12.3.rel1.win32_1.0.100.202403111256/tools/bin/../lib/gcc/arm-none-eabi/12.3.1/thumb/v7e-m+dp/hard/crtbegin.o
                [!provide]                        PROVIDE (__fini_array_end = .)
                0x08011894                        _sidata = LOADADDR (.data)

.data           0x24000000       0x60 load address 0x08011894
                0x24000000                        . = ALIGN (0x4)
                0x24000000                        _sdata = .
 *(.data)
 *(.data*)
 .data.SystemCoreClock
                0x24000000        0x4 ./Core/Src/system_stm32h7xx.o
                0x24000000                SystemCoreClock
 .data.SystemD2Clock
                0x24000004        0x4 ./Core/Src/system_stm32h7xx.o
                0x24000004                SystemD2Clock
 .data.uwTickPrio
                0x24000008        0x4 ./Drivers/STM32H7xx_HAL_Driver/Src/stm32h7xx_hal.o
                0x24000008                uwTickPrio
 .data.uwTickFreq
                0x2400000c        0x1 ./Drivers/STM32H7xx_HAL_Driver/Src/stm32h7xx_hal.o
                0x2400000c                uwTickFreq
 *fill*         0x2400000d        0x3 
 .data._impure_ptr
                0x24000010        0x4 C:/ST/STM32CubeIDE_1.15.1/STM32CubeIDE/plugins/com.st.stm32cube.ide.mcu.externaltools.gnu-tools-for-stm32.12.3.rel1.win32_1.0.100.202403111256/tools/bin/../lib/gcc/arm-none-eabi/12.3.1/../../../../arm-none-eabi/lib/thumb/v7e-m+dp/hard\libc_nano.a(libc_a-impure.o)
                0x24000010                _impure_ptr
 .data._impure_data
                0x24000014       0x4c C:/ST/STM32CubeIDE_1.15.1/STM32CubeIDE/plugins/com.st.stm32cube.ide.mcu.externaltools.gnu-tools-for-stm32.12.3.rel1.win32_1.0.100.202403111256/tools/bin/../lib/gcc/arm-none-eabi/12.3.1/../../../../arm-none-eabi/lib/thumb/v7e-m+dp/hard\libc_nano.a(libc_a-impure.o)
                0x24000014                _impure_data
 *(.RamFunc)
 *(.RamFunc*)
                0x24000060                        . = ALIGN (0x4)
                0x24000060                        _edata = .

.igot.plt       0x24000060        0x0 load address 0x080118f4
 .igot.plt      0x24000060        0x0 C:/ST/STM32CubeIDE_1.15.1/STM32CubeIDE/plugins/com.st.stm32cube.ide.mcu.externaltools.gnu-tools-for-stm32.12.3.rel1.win32_1.0.100.202403111256/tools/bin/../lib/gcc/arm-none-eabi/12.3.1/thumb/v7e-m+dp/hard/crtbegin.o

.RxDecripSection
                0x24000060       0x60 load address 0x080118f4
 .RxDecripSection
                0x24000060       0x60 ./Core/Src/main.o
                0x24000060                DMARxDscrTab

.TxDecripSection
                0x240000c0       0x60 load address 0x08011954
 .TxDecripSection
                0x240000c0       0x60 ./Core/Src/main.o
                0x240000c0                DMATxDscrTab
                0x24000120                        . = ALIGN (0x4)

.bss            0x24000120      0xb14 load address 0x080119b4
                0x24000120                        _sbss = .
                0x24000120                        __bss_start__ = _sbss
 *(.bss)
 .bss           0x24000120       0x1c C:/ST/STM32CubeIDE_1.15.1/STM32CubeIDE/plugins/com.st.stm32cube.ide.mcu.externaltools.gnu-tools-for-stm32.12.3.rel1.win32_1.0.100.202403111256/tools/bin/../lib/gcc/arm-none-eabi/12.3.1/thumb/v7e-m+dp/hard/crtbegin.o
 *(.bss*)
 .bss.buffer.0  0x2400013c      0x100 ./Core/Src/debug.o
 .bss.gtData    0x2400023c        0x2 ./Core/Src/ksz8863.o
                0x2400023c                gtData
 *fill*         0x2400023e        0x2 
 .bss.grData    0x24000240        0x2 ./Core/Src/ksz8863.o
                0x24000240                grData
 *fill*         0x24000242        0x2 
 .bss.TxConfig  0x24000244       0x34 ./Core/Src/main.o
                0x24000244                TxConfig
 .bss.hadc1     0x24000278       0x70 ./Core/Src/main.o
                0x24000278                hadc1
 .bss.heth      0x240002e8       0x88 ./Core/Src/main.o
                0x240002e8                heth
 .bss.hi2c4     0x24000370       0x4c ./Core/Src/main.o
                0x24000370                hi2c4
 .bss.hspi1     0x240003bc       0x88 ./Core/Src/main.o
                0x240003bc                hspi1
 .bss.hspi4     0x24000444       0x88 ./Core/Src/main.o
                0x24000444                hspi4
 .bss.hdma_spi1_tx
                0x240004cc       0x78 ./Core/Src/main.o
                0x240004cc                hdma_spi1_tx
 .bss.hdma_spi1_rx
                0x24000544       0x78 ./Core/Src/main.o
                0x24000544                hdma_spi1_rx
 .bss.hdma_spi4_tx
                0x240005bc       0x78 ./Core/Src/main.o
                0x240005bc                hdma_spi4_tx
 .bss.hdma_spi4_rx
                0x24000634       0x78 ./Core/Src/main.o
                0x24000634                hdma_spi4_rx
 .bss.htim1     0x240006ac       0x4c ./Core/Src/main.o
                0x240006ac                htim1
 .bss.htim2     0x240006f8       0x4c ./Core/Src/main.o
                0x240006f8                htim2
 .bss.huart4    0x24000744       0x90 ./Core/Src/main.o
                0x24000744                huart4
 .bss.huart5    0x240007d4       0x90 ./Core/Src/main.o
                0x240007d4                huart5
 .bss.huart7    0x24000864       0x90 ./Core/Src/main.o
                0x24000864                huart7
 .bss.huart1    0x240008f4       0x90 ./Core/Src/main.o
                0x240008f4                huart1
 .bss.huart2    0x24000984       0x90 ./Core/Src/main.o
                0x24000984                huart2
 .bss.huart3    0x24000a14       0x90 ./Core/Src/main.o
                0x24000a14                huart3
 .bss.hsdram1   0x24000aa4       0x34 ./Core/Src/main.o
                0x24000aa4                hsdram1
 .bss.MACAddr.0
                0x24000ad8        0x6 ./Core/Src/main.o
 *fill*         0x24000ade        0x2 
 .bss.FMC_Initialized
                0x24000ae0        0x4 ./Core/Src/stm32h7xx_hal_msp.o
 .bss.__sbrk_heap_end
                0x24000ae4        0x4 ./Core/Src/sysmem.o
 .bss.uwTick    0x24000ae8        0x4 ./Drivers/STM32H7xx_HAL_Driver/Src/stm32h7xx_hal.o
                0x24000ae8                uwTick
 .bss.__sf      0x24000aec      0x138 C:/ST/STM32CubeIDE_1.15.1/STM32CubeIDE/plugins/com.st.stm32cube.ide.mcu.externaltools.gnu-tools-for-stm32.12.3.rel1.win32_1.0.100.202403111256/tools/bin/../lib/gcc/arm-none-eabi/12.3.1/../../../../arm-none-eabi/lib/thumb/v7e-m+dp/hard\libc_nano.a(libc_a-findfp.o)
                0x24000aec                __sf
 .bss.errno     0x24000c24        0x4 C:/ST/STM32CubeIDE_1.15.1/STM32CubeIDE/plugins/com.st.stm32cube.ide.mcu.externaltools.gnu-tools-for-stm32.12.3.rel1.win32_1.0.100.202403111256/tools/bin/../lib/gcc/arm-none-eabi/12.3.1/../../../../arm-none-eabi/lib/thumb/v7e-m+dp/hard\libc_nano.a(libc_a-reent.o)
                0x24000c24                errno
 .bss.__lock___malloc_recursive_mutex
                0x24000c28        0x1 C:/ST/STM32CubeIDE_1.15.1/STM32CubeIDE/plugins/com.st.stm32cube.ide.mcu.externaltools.gnu-tools-for-stm32.12.3.rel1.win32_1.0.100.202403111256/tools/bin/../lib/gcc/arm-none-eabi/12.3.1/../../../../arm-none-eabi/lib/thumb/v7e-m+dp/hard\libc_nano.a(libc_a-lock.o)
                0x24000c28                __lock___malloc_recursive_mutex
 *fill*         0x24000c29        0x3 
 .bss.__malloc_sbrk_start
                0x24000c2c        0x4 C:/ST/STM32CubeIDE_1.15.1/STM32CubeIDE/plugins/com.st.stm32cube.ide.mcu.externaltools.gnu-tools-for-stm32.12.3.rel1.win32_1.0.100.202403111256/tools/bin/../lib/gcc/arm-none-eabi/12.3.1/../../../../arm-none-eabi/lib/thumb/v7e-m+dp/hard\libc_nano.a(libc_a-mallocr.o)
                0x24000c2c                __malloc_sbrk_start
 .bss.__malloc_free_list
                0x24000c30        0x4 C:/ST/STM32CubeIDE_1.15.1/STM32CubeIDE/plugins/com.st.stm32cube.ide.mcu.externaltools.gnu-tools-for-stm32.12.3.rel1.win32_1.0.100.202403111256/tools/bin/../lib/gcc/arm-none-eabi/12.3.1/../../../../arm-none-eabi/lib/thumb/v7e-m+dp/hard\libc_nano.a(libc_a-mallocr.o)
                0x24000c30                __malloc_free_list
 *(COMMON)
                0x24000c34                        . = ALIGN (0x4)
                0x24000c34                        _ebss = .
                0x24000c34                        __bss_end__ = _ebss

._user_heap_stack
                0x24000c34      0x604 load address 0x080119b4
                0x24000c38                        . = ALIGN (0x8)
 *fill*         0x24000c34        0x4 
                [!provide]                        PROVIDE (end = .)
                0x24000c38                        PROVIDE (_end = .)
                0x24000e38                        . = (. + _Min_Heap_Size)
 *fill*         0x24000c38      0x200 
                0x24001238                        . = (. + _Min_Stack_Size)
 *fill*         0x24000e38      0x400 
                0x24001238                        . = ALIGN (0x8)

/DISCARD/
 libc.a(*)
 libm.a(*)
 libgcc.a(*)

.ARM.attributes
                0x00000000       0x2e
 *(.ARM.attributes)
 .ARM.attributes
                0x00000000       0x20 C:/ST/STM32CubeIDE_1.15.1/STM32CubeIDE/plugins/com.st.stm32cube.ide.mcu.externaltools.gnu-tools-for-stm32.12.3.rel1.win32_1.0.100.202403111256/tools/bin/../lib/gcc/arm-none-eabi/12.3.1/thumb/v7e-m+dp/hard/crti.o
 .ARM.attributes
                0x00000020       0x32 C:/ST/STM32CubeIDE_1.15.1/STM32CubeIDE/plugins/com.st.stm32cube.ide.mcu.externaltools.gnu-tools-for-stm32.12.3.rel1.win32_1.0.100.202403111256/tools/bin/../lib/gcc/arm-none-eabi/12.3.1/thumb/v7e-m+dp/hard/crtbegin.o
 .ARM.attributes
                0x00000052       0x32 ./Core/Src/W25Qxx.o
 .ARM.attributes
                0x00000084       0x32 ./Core/Src/debug.o
 .ARM.attributes
                0x000000b6       0x32 ./Core/Src/ethernet.o
 .ARM.attributes
                0x000000e8       0x32 ./Core/Src/ksz8863.o
 .ARM.attributes
                0x0000011a       0x32 ./Core/Src/ksz8863_driver.o
 .ARM.attributes
                0x0000014c       0x32 ./Core/Src/main.o
 .ARM.attributes
                0x0000017e       0x32 ./Core/Src/nic.o
 .ARM.attributes
                0x000001b0       0x32 ./Core/Src/stm32h7xx_hal_msp.o
 .ARM.attributes
                0x000001e2       0x32 ./Core/Src/stm32h7xx_it.o
 .ARM.attributes
                0x00000214       0x32 ./Core/Src/sysmem.o
 .ARM.attributes
                0x00000246       0x32 ./Core/Src/system_stm32h7xx.o
 .ARM.attributes
                0x00000278       0x21 ./Core/Startup/startup_stm32h723zgtx.o
 .ARM.attributes
                0x00000299       0x32 ./Drivers/STM32H7xx_HAL_Driver/Src/stm32h7xx_hal.o
 .ARM.attributes
                0x000002cb       0x32 ./Drivers/STM32H7xx_HAL_Driver/Src/stm32h7xx_hal_adc.o
 .ARM.attributes
                0x000002fd       0x32 ./Drivers/STM32H7xx_HAL_Driver/Src/stm32h7xx_hal_adc_ex.o
 .ARM.attributes
                0x0000032f       0x32 ./Drivers/STM32H7xx_HAL_Driver/Src/stm32h7xx_hal_cortex.o
 .ARM.attributes
                0x00000361       0x32 ./Drivers/STM32H7xx_HAL_Driver/Src/stm32h7xx_hal_dma.o
 .ARM.attributes
                0x00000393       0x32 ./Drivers/STM32H7xx_HAL_Driver/Src/stm32h7xx_hal_eth.o
 .ARM.attributes
                0x000003c5       0x32 ./Drivers/STM32H7xx_HAL_Driver/Src/stm32h7xx_hal_gpio.o
 .ARM.attributes
                0x000003f7       0x32 ./Drivers/STM32H7xx_HAL_Driver/Src/stm32h7xx_hal_i2c.o
 .ARM.attributes
                0x00000429       0x32 ./Drivers/STM32H7xx_HAL_Driver/Src/stm32h7xx_hal_i2c_ex.o
 .ARM.attributes
                0x0000045b       0x32 ./Drivers/STM32H7xx_HAL_Driver/Src/stm32h7xx_hal_pwr_ex.o
 .ARM.attributes
                0x0000048d       0x32 ./Drivers/STM32H7xx_HAL_Driver/Src/stm32h7xx_hal_rcc.o
 .ARM.attributes
                0x000004bf       0x32 ./Drivers/STM32H7xx_HAL_Driver/Src/stm32h7xx_hal_rcc_ex.o
 .ARM.attributes
                0x000004f1       0x32 ./Drivers/STM32H7xx_HAL_Driver/Src/stm32h7xx_hal_sdram.o
 .ARM.attributes
                0x00000523       0x32 ./Drivers/STM32H7xx_HAL_Driver/Src/stm32h7xx_hal_spi.o
 .ARM.attributes
                0x00000555       0x32 ./Drivers/STM32H7xx_HAL_Driver/Src/stm32h7xx_hal_tim.o
 .ARM.attributes
                0x00000587       0x32 ./Drivers/STM32H7xx_HAL_Driver/Src/stm32h7xx_hal_tim_ex.o
 .ARM.attributes
                0x000005b9       0x32 ./Drivers/STM32H7xx_HAL_Driver/Src/stm32h7xx_hal_uart.o
 .ARM.attributes
                0x000005eb       0x32 ./Drivers/STM32H7xx_HAL_Driver/Src/stm32h7xx_hal_uart_ex.o
 .ARM.attributes
                0x0000061d       0x32 ./Drivers/STM32H7xx_HAL_Driver/Src/stm32h7xx_ll_fmc.o
 .ARM.attributes
                0x0000064f       0x32 C:/ST/STM32CubeIDE_1.15.1/STM32CubeIDE/plugins/com.st.stm32cube.ide.mcu.externaltools.gnu-tools-for-stm32.12.3.rel1.win32_1.0.100.202403111256/tools/bin/../lib/gcc/arm-none-eabi/12.3.1/../../../../arm-none-eabi/lib/thumb/v7e-m+dp/hard\libc_nano.a(libc_a-findfp.o)
 .ARM.attributes
                0x00000681       0x32 C:/ST/STM32CubeIDE_1.15.1/STM32CubeIDE/plugins/com.st.stm32cube.ide.mcu.externaltools.gnu-tools-for-stm32.12.3.rel1.win32_1.0.100.202403111256/tools/bin/../lib/gcc/arm-none-eabi/12.3.1/../../../../arm-none-eabi/lib/thumb/v7e-m+dp/hard\libc_nano.a(libc_a-vsnprintf.o)
 .ARM.attributes
                0x000006b3       0x32 C:/ST/STM32CubeIDE_1.15.1/STM32CubeIDE/plugins/com.st.stm32cube.ide.mcu.externaltools.gnu-tools-for-stm32.12.3.rel1.win32_1.0.100.202403111256/tools/bin/../lib/gcc/arm-none-eabi/12.3.1/../../../../arm-none-eabi/lib/thumb/v7e-m+dp/hard\libc_nano.a(libc_a-memset.o)
 .ARM.attributes
                0x000006e5       0x32 C:/ST/STM32CubeIDE_1.15.1/STM32CubeIDE/plugins/com.st.stm32cube.ide.mcu.externaltools.gnu-tools-for-stm32.12.3.rel1.win32_1.0.100.202403111256/tools/bin/../lib/gcc/arm-none-eabi/12.3.1/../../../../arm-none-eabi/lib/thumb/v7e-m+dp/hard\libc_nano.a(libc_a-reent.o)
 .ARM.attributes
                0x00000717       0x32 C:/ST/STM32CubeIDE_1.15.1/STM32CubeIDE/plugins/com.st.stm32cube.ide.mcu.externaltools.gnu-tools-for-stm32.12.3.rel1.win32_1.0.100.202403111256/tools/bin/../lib/gcc/arm-none-eabi/12.3.1/../../../../arm-none-eabi/lib/thumb/v7e-m+dp/hard\libc_nano.a(libc_a-impure.o)
 .ARM.attributes
                0x00000749       0x32 C:/ST/STM32CubeIDE_1.15.1/STM32CubeIDE/plugins/com.st.stm32cube.ide.mcu.externaltools.gnu-tools-for-stm32.12.3.rel1.win32_1.0.100.202403111256/tools/bin/../lib/gcc/arm-none-eabi/12.3.1/../../../../arm-none-eabi/lib/thumb/v7e-m+dp/hard\libc_nano.a(libc_a-errno.o)
 .ARM.attributes
                0x0000077b       0x32 C:/ST/STM32CubeIDE_1.15.1/STM32CubeIDE/plugins/com.st.stm32cube.ide.mcu.externaltools.gnu-tools-for-stm32.12.3.rel1.win32_1.0.100.202403111256/tools/bin/../lib/gcc/arm-none-eabi/12.3.1/../../../../arm-none-eabi/lib/thumb/v7e-m+dp/hard\libc_nano.a(libc_a-init.o)
 .ARM.attributes
                0x000007ad       0x32 C:/ST/STM32CubeIDE_1.15.1/STM32CubeIDE/plugins/com.st.stm32cube.ide.mcu.externaltools.gnu-tools-for-stm32.12.3.rel1.win32_1.0.100.202403111256/tools/bin/../lib/gcc/arm-none-eabi/12.3.1/../../../../arm-none-eabi/lib/thumb/v7e-m+dp/hard\libc_nano.a(libc_a-lock.o)
 .ARM.attributes
                0x000007df       0x32 C:/ST/STM32CubeIDE_1.15.1/STM32CubeIDE/plugins/com.st.stm32cube.ide.mcu.externaltools.gnu-tools-for-stm32.12.3.rel1.win32_1.0.100.202403111256/tools/bin/../lib/gcc/arm-none-eabi/12.3.1/../../../../arm-none-eabi/lib/thumb/v7e-m+dp/hard\libc_nano.a(libc_a-memcpy-stub.o)
 .ARM.attributes
                0x00000811       0x17 C:/ST/STM32CubeIDE_1.15.1/STM32CubeIDE/plugins/com.st.stm32cube.ide.mcu.externaltools.gnu-tools-for-stm32.12.3.rel1.win32_1.0.100.202403111256/tools/bin/../lib/gcc/arm-none-eabi/12.3.1/../../../../arm-none-eabi/lib/thumb/v7e-m+dp/hard\libc_nano.a(libc_a-strlen.o)
 .ARM.attributes
                0x00000828       0x32 C:/ST/STM32CubeIDE_1.15.1/STM32CubeIDE/plugins/com.st.stm32cube.ide.mcu.externaltools.gnu-tools-for-stm32.12.3.rel1.win32_1.0.100.202403111256/tools/bin/../lib/gcc/arm-none-eabi/12.3.1/../../../../arm-none-eabi/lib/thumb/v7e-m+dp/hard\libc_nano.a(libc_a-freer.o)
 .ARM.attributes
                0x0000085a       0x32 C:/ST/STM32CubeIDE_1.15.1/STM32CubeIDE/plugins/com.st.stm32cube.ide.mcu.externaltools.gnu-tools-for-stm32.12.3.rel1.win32_1.0.100.202403111256/tools/bin/../lib/gcc/arm-none-eabi/12.3.1/../../../../arm-none-eabi/lib/thumb/v7e-m+dp/hard\libc_nano.a(libc_a-mallocr.o)
 .ARM.attributes
                0x0000088c       0x32 C:/ST/STM32CubeIDE_1.15.1/STM32CubeIDE/plugins/com.st.stm32cube.ide.mcu.externaltools.gnu-tools-for-stm32.12.3.rel1.win32_1.0.100.202403111256/tools/bin/../lib/gcc/arm-none-eabi/12.3.1/../../../../arm-none-eabi/lib/thumb/v7e-m+dp/hard\libc_nano.a(libc_a-mlock.o)
 .ARM.attributes
                0x000008be       0x32 C:/ST/STM32CubeIDE_1.15.1/STM32CubeIDE/plugins/com.st.stm32cube.ide.mcu.externaltools.gnu-tools-for-stm32.12.3.rel1.win32_1.0.100.202403111256/tools/bin/../lib/gcc/arm-none-eabi/12.3.1/../../../../arm-none-eabi/lib/thumb/v7e-m+dp/hard\libc_nano.a(libc_a-nano-svfprintf.o)
 .ARM.attributes
                0x000008f0       0x32 C:/ST/STM32CubeIDE_1.15.1/STM32CubeIDE/plugins/com.st.stm32cube.ide.mcu.externaltools.gnu-tools-for-stm32.12.3.rel1.win32_1.0.100.202403111256/tools/bin/../lib/gcc/arm-none-eabi/12.3.1/../../../../arm-none-eabi/lib/thumb/v7e-m+dp/hard\libc_nano.a(libc_a-nano-vfprintf_i.o)
 .ARM.attributes
                0x00000922       0x32 C:/ST/STM32CubeIDE_1.15.1/STM32CubeIDE/plugins/com.st.stm32cube.ide.mcu.externaltools.gnu-tools-for-stm32.12.3.rel1.win32_1.0.100.202403111256/tools/bin/../lib/gcc/arm-none-eabi/12.3.1/../../../../arm-none-eabi/lib/thumb/v7e-m+dp/hard\libc_nano.a(libc_a-memmove.o)
 .ARM.attributes
                0x00000954       0x32 C:/ST/STM32CubeIDE_1.15.1/STM32CubeIDE/plugins/com.st.stm32cube.ide.mcu.externaltools.gnu-tools-for-stm32.12.3.rel1.win32_1.0.100.202403111256/tools/bin/../lib/gcc/arm-none-eabi/12.3.1/../../../../arm-none-eabi/lib/thumb/v7e-m+dp/hard\libc_nano.a(libc_a-sbrkr.o)
 .ARM.attributes
                0x00000986       0x1c C:/ST/STM32CubeIDE_1.15.1/STM32CubeIDE/plugins/com.st.stm32cube.ide.mcu.externaltools.gnu-tools-for-stm32.12.3.rel1.win32_1.0.100.202403111256/tools/bin/../lib/gcc/arm-none-eabi/12.3.1/../../../../arm-none-eabi/lib/thumb/v7e-m+dp/hard\libc_nano.a(libc_a-memchr.o)
 .ARM.attributes
                0x000009a2       0x32 C:/ST/STM32CubeIDE_1.15.1/STM32CubeIDE/plugins/com.st.stm32cube.ide.mcu.externaltools.gnu-tools-for-stm32.12.3.rel1.win32_1.0.100.202403111256/tools/bin/../lib/gcc/arm-none-eabi/12.3.1/../../../../arm-none-eabi/lib/thumb/v7e-m+dp/hard\libc_nano.a(libc_a-reallocr.o)
 .ARM.attributes
                0x000009d4       0x32 C:/ST/STM32CubeIDE_1.15.1/STM32CubeIDE/plugins/com.st.stm32cube.ide.mcu.externaltools.gnu-tools-for-stm32.12.3.rel1.win32_1.0.100.202403111256/tools/bin/../lib/gcc/arm-none-eabi/12.3.1/../../../../arm-none-eabi/lib/thumb/v7e-m+dp/hard\libc_nano.a(libc_a-msizer.o)
 .ARM.attributes
                0x00000a06       0x20 C:/ST/STM32CubeIDE_1.15.1/STM32CubeIDE/plugins/com.st.stm32cube.ide.mcu.externaltools.gnu-tools-for-stm32.12.3.rel1.win32_1.0.100.202403111256/tools/bin/../lib/gcc/arm-none-eabi/12.3.1/thumb/v7e-m+dp/hard\libgcc.a(_aeabi_uldivmod.o)
 .ARM.attributes
                0x00000a26       0x32 C:/ST/STM32CubeIDE_1.15.1/STM32CubeIDE/plugins/com.st.stm32cube.ide.mcu.externaltools.gnu-tools-for-stm32.12.3.rel1.win32_1.0.100.202403111256/tools/bin/../lib/gcc/arm-none-eabi/12.3.1/thumb/v7e-m+dp/hard\libgcc.a(_udivmoddi4.o)
 .ARM.attributes
                0x00000a58       0x20 C:/ST/STM32CubeIDE_1.15.1/STM32CubeIDE/plugins/com.st.stm32cube.ide.mcu.externaltools.gnu-tools-for-stm32.12.3.rel1.win32_1.0.100.202403111256/tools/bin/../lib/gcc/arm-none-eabi/12.3.1/thumb/v7e-m+dp/hard\libgcc.a(_dvmd_tls.o)
 .ARM.attributes
                0x00000a78       0x20 C:/ST/STM32CubeIDE_1.15.1/STM32CubeIDE/plugins/com.st.stm32cube.ide.mcu.externaltools.gnu-tools-for-stm32.12.3.rel1.win32_1.0.100.202403111256/tools/bin/../lib/gcc/arm-none-eabi/12.3.1/thumb/v7e-m+dp/hard/crtn.o
OUTPUT(ClusterFIOBoard.elf elf32-littlearm)
LOAD linker stubs
LOAD C:/ST/STM32CubeIDE_1.15.1/STM32CubeIDE/plugins/com.st.stm32cube.ide.mcu.externaltools.gnu-tools-for-stm32.12.3.rel1.win32_1.0.100.202403111256/tools/bin/../lib/gcc/arm-none-eabi/12.3.1/../../../../arm-none-eabi/lib/thumb/v7e-m+dp/hard\libc.a
LOAD C:/ST/STM32CubeIDE_1.15.1/STM32CubeIDE/plugins/com.st.stm32cube.ide.mcu.externaltools.gnu-tools-for-stm32.12.3.rel1.win32_1.0.100.202403111256/tools/bin/../lib/gcc/arm-none-eabi/12.3.1/../../../../arm-none-eabi/lib/thumb/v7e-m+dp/hard\libm.a
LOAD C:/ST/STM32CubeIDE_1.15.1/STM32CubeIDE/plugins/com.st.stm32cube.ide.mcu.externaltools.gnu-tools-for-stm32.12.3.rel1.win32_1.0.100.202403111256/tools/bin/../lib/gcc/arm-none-eabi/12.3.1/thumb/v7e-m+dp/hard\libgcc.a

.debug_info     0x00000000    0x2ae1b
 .debug_info    0x00000000      0xc49 ./Core/Src/W25Qxx.o
 .debug_info    0x00000c49      0xa00 ./Core/Src/debug.o
 .debug_info    0x00001649      0x236 ./Core/Src/ethernet.o
 .debug_info    0x0000187f      0xac4 ./Core/Src/ksz8863.o
 .debug_info    0x00002343     0x14cf ./Core/Src/ksz8863_driver.o
 .debug_info    0x00003812     0x46e1 ./Core/Src/main.o
 .debug_info    0x00007ef3      0x26a ./Core/Src/nic.o
 .debug_info    0x0000815d     0x3baf ./Core/Src/stm32h7xx_hal_msp.o
 .debug_info    0x0000bd0c      0xcfb ./Core/Src/stm32h7xx_it.o
 .debug_info    0x0000ca07      0x168 ./Core/Src/sysmem.o
 .debug_info    0x0000cb6f      0xb2e ./Core/Src/system_stm32h7xx.o
 .debug_info    0x0000d69d       0x30 ./Core/Startup/startup_stm32h723zgtx.o
 .debug_info    0x0000d6cd     0x1698 ./Drivers/STM32H7xx_HAL_Driver/Src/stm32h7xx_hal.o
 .debug_info    0x0000ed65     0x2447 ./Drivers/STM32H7xx_HAL_Driver/Src/stm32h7xx_hal_adc.o
 .debug_info    0x000111ac     0x2432 ./Drivers/STM32H7xx_HAL_Driver/Src/stm32h7xx_hal_adc_ex.o
 .debug_info    0x000135de     0x1054 ./Drivers/STM32H7xx_HAL_Driver/Src/stm32h7xx_hal_cortex.o
 .debug_info    0x00014632      0xb67 ./Drivers/STM32H7xx_HAL_Driver/Src/stm32h7xx_hal_dma.o
 .debug_info    0x00015199     0x265c ./Drivers/STM32H7xx_HAL_Driver/Src/stm32h7xx_hal_eth.o
 .debug_info    0x000177f5      0xc5c ./Drivers/STM32H7xx_HAL_Driver/Src/stm32h7xx_hal_gpio.o
 .debug_info    0x00018451     0x2190 ./Drivers/STM32H7xx_HAL_Driver/Src/stm32h7xx_hal_i2c.o
 .debug_info    0x0001a5e1      0xd87 ./Drivers/STM32H7xx_HAL_Driver/Src/stm32h7xx_hal_i2c_ex.o
 .debug_info    0x0001b368      0xdc4 ./Drivers/STM32H7xx_HAL_Driver/Src/stm32h7xx_hal_pwr_ex.o
 .debug_info    0x0001c12c      0xd92 ./Drivers/STM32H7xx_HAL_Driver/Src/stm32h7xx_hal_rcc.o
 .debug_info    0x0001cebe     0x11d8 ./Drivers/STM32H7xx_HAL_Driver/Src/stm32h7xx_hal_rcc_ex.o
 .debug_info    0x0001e096     0x104f ./Drivers/STM32H7xx_HAL_Driver/Src/stm32h7xx_hal_sdram.o
 .debug_info    0x0001f0e5     0x14ab ./Drivers/STM32H7xx_HAL_Driver/Src/stm32h7xx_hal_spi.o
 .debug_info    0x00020590     0x2b59 ./Drivers/STM32H7xx_HAL_Driver/Src/stm32h7xx_hal_tim.o
 .debug_info    0x000230e9     0x188f ./Drivers/STM32H7xx_HAL_Driver/Src/stm32h7xx_hal_tim_ex.o
 .debug_info    0x00024978     0x4995 ./Drivers/STM32H7xx_HAL_Driver/Src/stm32h7xx_hal_uart.o
 .debug_info    0x0002930d      0xf65 ./Drivers/STM32H7xx_HAL_Driver/Src/stm32h7xx_hal_uart_ex.o
 .debug_info    0x0002a272      0xba9 ./Drivers/STM32H7xx_HAL_Driver/Src/stm32h7xx_ll_fmc.o

.debug_abbrev   0x00000000     0x47fb
 .debug_abbrev  0x00000000      0x262 ./Core/Src/W25Qxx.o
 .debug_abbrev  0x00000262      0x225 ./Core/Src/debug.o
 .debug_abbrev  0x00000487      0x152 ./Core/Src/ethernet.o
 .debug_abbrev  0x000005d9      0x26a ./Core/Src/ksz8863.o
 .debug_abbrev  0x00000843      0x36d ./Core/Src/ksz8863_driver.o
 .debug_abbrev  0x00000bb0      0x3c6 ./Core/Src/main.o
 .debug_abbrev  0x00000f76      0x149 ./Core/Src/nic.o
 .debug_abbrev  0x000010bf      0x2d2 ./Core/Src/stm32h7xx_hal_msp.o
 .debug_abbrev  0x00001391      0x1af ./Core/Src/stm32h7xx_it.o
 .debug_abbrev  0x00001540       0xbc ./Core/Src/sysmem.o
 .debug_abbrev  0x000015fc      0x13a ./Core/Src/system_stm32h7xx.o
 .debug_abbrev  0x00001736       0x24 ./Core/Startup/startup_stm32h723zgtx.o
 .debug_abbrev  0x0000175a      0x29e ./Drivers/STM32H7xx_HAL_Driver/Src/stm32h7xx_hal.o
 .debug_abbrev  0x000019f8      0x309 ./Drivers/STM32H7xx_HAL_Driver/Src/stm32h7xx_hal_adc.o
 .debug_abbrev  0x00001d01      0x346 ./Drivers/STM32H7xx_HAL_Driver/Src/stm32h7xx_hal_adc_ex.o
 .debug_abbrev  0x00002047      0x339 ./Drivers/STM32H7xx_HAL_Driver/Src/stm32h7xx_hal_cortex.o
 .debug_abbrev  0x00002380      0x248 ./Drivers/STM32H7xx_HAL_Driver/Src/stm32h7xx_hal_dma.o
 .debug_abbrev  0x000025c8      0x2a8 ./Drivers/STM32H7xx_HAL_Driver/Src/stm32h7xx_hal_eth.o
 .debug_abbrev  0x00002870      0x1fe ./Drivers/STM32H7xx_HAL_Driver/Src/stm32h7xx_hal_gpio.o
 .debug_abbrev  0x00002a6e      0x257 ./Drivers/STM32H7xx_HAL_Driver/Src/stm32h7xx_hal_i2c.o
 .debug_abbrev  0x00002cc5      0x1f5 ./Drivers/STM32H7xx_HAL_Driver/Src/stm32h7xx_hal_i2c_ex.o
 .debug_abbrev  0x00002eba      0x295 ./Drivers/STM32H7xx_HAL_Driver/Src/stm32h7xx_hal_pwr_ex.o
 .debug_abbrev  0x0000314f      0x2b0 ./Drivers/STM32H7xx_HAL_Driver/Src/stm32h7xx_hal_rcc.o
 .debug_abbrev  0x000033ff      0x269 ./Drivers/STM32H7xx_HAL_Driver/Src/stm32h7xx_hal_rcc_ex.o
 .debug_abbrev  0x00003668      0x236 ./Drivers/STM32H7xx_HAL_Driver/Src/stm32h7xx_hal_sdram.o
 .debug_abbrev  0x0000389e      0x2aa ./Drivers/STM32H7xx_HAL_Driver/Src/stm32h7xx_hal_spi.o
 .debug_abbrev  0x00003b48      0x26f ./Drivers/STM32H7xx_HAL_Driver/Src/stm32h7xx_hal_tim.o
 .debug_abbrev  0x00003db7      0x28f ./Drivers/STM32H7xx_HAL_Driver/Src/stm32h7xx_hal_tim_ex.o
 .debug_abbrev  0x00004046      0x33d ./Drivers/STM32H7xx_HAL_Driver/Src/stm32h7xx_hal_uart.o
 .debug_abbrev  0x00004383      0x2d3 ./Drivers/STM32H7xx_HAL_Driver/Src/stm32h7xx_hal_uart_ex.o
 .debug_abbrev  0x00004656      0x1a5 ./Drivers/STM32H7xx_HAL_Driver/Src/stm32h7xx_ll_fmc.o

.debug_aranges  0x00000000     0x20f8
 .debug_aranges
                0x00000000       0x78 ./Core/Src/W25Qxx.o
 .debug_aranges
                0x00000078       0x38 ./Core/Src/debug.o